#
# A fatal error has been detected by the Java Runtime Environment:
#
#  EXCEPTION_ACCESS_VIOLATION (0xc0000005) at pc=0x00007fff96e982d2, pid=13380, tid=14548
#
# JRE version: OpenJDK Runtime Environment (21.0.10) (build 21.0.10+-14961533-b1163.108)
# Java VM: OpenJDK 64-Bit Server VM (21.0.10+-14961533-b1163.108, mixed mode, tiered, compressed oops, compressed class ptrs, g1 gc, windows-amd64)
# Problematic frame:
# V  [jvm.dll+0x882d2]
#
# No core dump will be written. Minidumps are not enabled by default on client versions of Windows
#
# If you would like to submit a bug report, please visit:
#   https://youtrack.jetbrains.com/issues/JBR
#

---------------  S U M M A R Y ------------

Command Line: --add-opens=java.base/java.lang=ALL-UNNAMED --add-opens=java.base/java.lang.invoke=ALL-UNNAMED --add-opens=java.base/java.util=ALL-UNNAMED --add-opens=java.prefs/java.util.prefs=ALL-UNNAMED --add-exports=jdk.compiler/com.sun.tools.javac.api=ALL-UNNAMED --add-exports=jdk.compiler/com.sun.tools.javac.util=ALL-UNNAMED --add-opens=java.base/java.util=ALL-UNNAMED --add-opens=java.prefs/java.util.prefs=ALL-UNNAMED --add-opens=java.base/java.nio.charset=ALL-UNNAMED --add-opens=java.base/java.net=ALL-UNNAMED --add-opens=java.base/java.util.concurrent.atomic=ALL-UNNAMED --add-opens=java.xml/javax.xml.namespace=ALL-UNNAMED -Xmx2048m -Dfile.encoding=UTF-8 -Duser.country=GB -Duser.language=en -Duser.variant -javaagent:C:\Users\pc\.gradle\wrapper\dists\gradle-8.13-bin\5xuhj0ry160q40clulazy9h7d\gradle-8.13\lib\agents\gradle-instrumentation-agent-8.13.jar org.gradle.launcher.daemon.bootstrap.GradleDaemon 8.13

Host: 13th Gen Intel(R) Core(TM) i5-13600K, 20 cores, 15G,  Windows 11 , 64 bit Build 22621 (10.0.22621.5415)
Time: Sat Apr 18 00:34:23 2026 Bangladesh Standard Time elapsed time: 2.544131 seconds (0d 0h 0m 2s)

---------------  T H R E A D  ---------------

Current thread (0x00000206e53c06d0):  JavaThread "C2 CompilerThread3" daemon [_thread_in_native, id=14548, stack(0x000000c305600000,0x000000c305700000) (1024K)]


Current CompileTask:
C2:2544 6813       4       org.gradle.api.internal.changedetection.state.FallbackHandlingResourceHasher$$Lambda/0x00000001008ade48::get (12 bytes)

Stack: [0x000000c305600000,0x000000c305700000],  sp=0x000000c3056fbeb0,  free space=1007k
Native frames: (J=compiled Java code, j=interpreted, Vv=VM code, C=native code)
V  [jvm.dll+0x882d2]
V  [jvm.dll+0x67870e]
V  [jvm.dll+0x303967]
V  [jvm.dll+0x2ff18f]
V  [jvm.dll+0x2ff81c]
V  [jvm.dll+0x24b2dc]
V  [jvm.dll+0x24909e]
V  [jvm.dll+0x1c76e4]
V  [jvm.dll+0x25891e]
V  [jvm.dll+0x256e66]
V  [jvm.dll+0x3f513e]
V  [jvm.dll+0x80fd28]
V  [jvm.dll+0x6d60fd]
C  [ucrtbase.dll+0x29333]
C  [KERNEL32.DLL+0x1259d]
C  [ntdll.dll+0x5af78]


siginfo: EXCEPTION_ACCESS_VIOLATION (0xc0000005), reading address 0x0000020eef22f2e8


Registers:
RAX=0x00000000ffffffff, RBX=0x00000206ef5a43e8, RCX=0x00000206ef5a43e8, RDX=0x00000206ef0da730
RSP=0x000000c3056fbeb0, RBP=0x00000206ef5a43e8, RSI=0x0000000000000070, RDI=0x00000206ef59d710
R8 =0x00000206ef22f2f0, R9 =0x00000206eacf1f08, R10=0x00000206eb1f7090, R11=0x000000c3056fbdb0
R12=0x0000000000000378, R13=0x000000000000008f, R14=0x000000000000006f, R15=0x000000000000006f
RIP=0x00007fff96e982d2, EFLAGS=0x0000000000010296

XMM[0]=0x00000206ef50a930 0x00000206ef50aaa0
XMM[1]=0x00000206ee3549c0 0x00000206ebb4bf60
XMM[2]=0x00000206ef77acd0 0x00000206eee87a58
XMM[3]=0x0000080000000000 0x0000000000000000
XMM[4]=0x8000000000000000 0x1600000000000000
XMM[5]=0x00000206eeba9aa0 0x00000206eeba7df8
XMM[6]=0x0000000000000000 0x0000000000000000
XMM[7]=0x0000000000000000 0x0000000000000000
XMM[8]=0x0000000000000000 0x0000000000000000
XMM[9]=0x0000000000000000 0x0000000000000000
XMM[10]=0x0000000000000000 0x0000000000000000
XMM[11]=0x0000000000000000 0x0000000000000000
XMM[12]=0x0000000000000000 0x0000000000000000
XMM[13]=0x0000000000000000 0x0000000000000000
XMM[14]=0x0000000000000000 0x0000000000000000
XMM[15]=0x0000000000000000 0x0000000000000000
  MXCSR=0x00001fa0


Register to memory mapping:

RAX=0x00000000ffffffff is pointing into object: [Ljdk.internal.vm.FillerElement; 
{0x00000000ffffabf8} - klass: {type array int}
 - length: 5374
RBX=0x00000206ef5a43e8 points into unknown readable memory: 0x00007fff97744158 | 58 41 74 97 ff 7f 00 00
RCX=0x00000206ef5a43e8 points into unknown readable memory: 0x00007fff97744158 | 58 41 74 97 ff 7f 00 00
RDX=0x00000206ef0da730 points into unknown readable memory: 0x00000206ef59d710 | 10 d7 59 ef 06 02 00 00
RSP=0x000000c3056fbeb0 is pointing into the stack for thread: 0x00000206e53c06d0
RBP=0x00000206ef5a43e8 points into unknown readable memory: 0x00007fff97744158 | 58 41 74 97 ff 7f 00 00
RSI=0x0000000000000070 is an unknown value
RDI=0x00000206ef59d710 points into unknown readable memory: 0x00007fff977cef80 | 80 ef 7c 97 ff 7f 00 00
R8 =0x00000206ef22f2f0 points into unknown readable memory: 0x00000206ef061fa0 | a0 1f 06 ef 06 02 00 00
R9 =0x00000206eacf1f08 points into unknown readable memory: 0x00000206ef5a43e8 | e8 43 5a ef 06 02 00 00
R10=0x00000206eb1f7090 points into unknown readable memory: 0x0000238900002389 | 89 23 00 00 89 23 00 00
R11=0x000000c3056fbdb0 is pointing into the stack for thread: 0x00000206e53c06d0
R12=0x0000000000000378 is an unknown value
R13=0x000000000000008f is an unknown value
R14=0x000000000000006f is an unknown value
R15=0x000000000000006f is an unknown value

Top of Stack: (sp=0x000000c3056fbeb0)
0x000000c3056fbeb0:   000000c3056fc4b0 00000206ef062020
0x000000c3056fbec0:   00000206e55397b0 00000206eb1f7090
0x000000c3056fbed0:   00000206efbb0e08 00007fff9748870e
0x000000c3056fbee0:   00000206ef59d710 00000206ef061fa0
0x000000c3056fbef0:   000000c3056fbfa9 0000000000000099
0x000000c3056fbf00:   00000000000004c8 00007fff97113967
0x000000c3056fbf10:   00000206ef5a43e8 000000c3056fbfa9
0x000000c3056fbf20:   00000206ef59d710 0000000000000000
0x000000c3056fbf30:   0000000000000000 00007fff9710e233
0x000000c3056fbf40:   00000206000000be 000000c3056fc4b0
0x000000c3056fbf50:   0000000000000378 00000206edf20b38
0x000000c3056fbf60:   000002060000008f 000002060000008f
0x000000c3056fbf70:   0000000000000081 0000008000000078
0x000000c3056fbf80:   00000206e59fef80 0000000000000000
0x000000c3056fbf90:   00000206f0796bc0 000000c300000200
0x000000c3056fbfa0:   00000206e59fc620 00007fff00000200
0x000000c3056fbfb0:   00000206e5ac1220 00000206ee0acb58
0x000000c3056fbfc0:   0000000000000410 0000000000000000
0x000000c3056fbfd0:   00000206e5559320 0000000000000001
0x000000c3056fbfe0:   00000206eb1f7090 000000c3056fe550
0x000000c3056fbff0:   0000000000000000 0000000000000009
0x000000c3056fc000:   000000c3056fc110 00007fff9710f18f
0x000000c3056fc010:   00000206eb1f7090 000000c300000099
0x000000c3056fc020:   000000c3056fc130 000000c3056fc190
0x000000c3056fc030:   000000c3056fc178 00000206e5ac1220
0x000000c3056fc040:   0000010000000100 0000000800000004
0x000000c3056fc050:   0000010000000200 00007fff0000014f
0x000000c3056fc060:   00000206ed89d6d0 0000000400000003
0x000000c3056fc070:   00000206f0796ad8 0000000000000000
0x000000c3056fc080:   0000002000000009 00000206ed89d6d0
0x000000c3056fc090:   0000000000000000 00007fff00001885
0x000000c3056fc0a0:   00000206ec6a27c0 00000206f0796af8 

Instructions: (pc=0x00007fff96e982d2)
0x00007fff96e981d2:   cc cc cc cc cc cc cc cc cc cc cc cc cc cc b8 c9
0x00007fff96e981e2:   02 00 00 c3 cc cc cc cc cc cc cc cc cc cc b8 c7
0x00007fff96e981f2:   02 00 00 c3 cc cc cc cc cc cc cc cc cc cc b8 c4
0x00007fff96e98202:   02 00 00 c3 cc cc cc cc cc cc cc cc cc cc b8 a6
0x00007fff96e98212:   02 00 00 c3 cc cc cc cc cc cc cc cc cc cc b8 20
0x00007fff96e98222:   04 00 00 c3 cc cc cc cc cc cc cc cc cc cc b8 22
0x00007fff96e98232:   04 00 00 c3 cc cc cc cc cc cc cc cc cc cc b8 bc
0x00007fff96e98242:   02 00 00 c3 cc cc cc cc cc cc cc cc cc cc b8 af
0x00007fff96e98252:   02 00 00 c3 cc cc cc cc cc cc cc cc cc cc b8 b4
0x00007fff96e98262:   02 00 00 c3 cc cc cc cc cc cc cc cc cc cc b8 99
0x00007fff96e98272:   01 00 00 c3 cc cc cc cc cc cc cc cc cc cc b8 1c
0x00007fff96e98282:   03 00 00 c3 cc cc cc cc cc cc cc cc cc cc 48 89
0x00007fff96e98292:   5c 24 08 57 48 83 ec 20 48 8b 41 08 48 8b f9 8b
0x00007fff96e982a2:   d2 49 8b d8 48 8b 0c d0 4c 8d 0c d0 48 85 c9 74
0x00007fff96e982b2:   26 4c 8b 41 10 4d 85 c0 74 1d 8b 41 20 49 8d 14
0x00007fff96e982c2:   c0 48 39 7a f8 48 8d 52 f8 75 f6 ff c8 89 41 20
0x00007fff96e982d2:   49 8b 0c c0 48 89 0a 49 89 19 48 85 db 74 29 48
0x00007fff96e982e2:   8b 4b 10 48 85 c9 74 20 8b 43 20 3b 43 24 75 11
0x00007fff96e982f2:   8b d0 48 8b cb e8 34 d0 62 00 8b 43 20 48 8b 4b
0x00007fff96e98302:   10 48 89 3c c1 ff 43 20 8b 0d 48 ba b6 00 65 48
0x00007fff96e98312:   8b 04 25 58 00 00 00 ba 34 00 00 00 48 8b 04 c8
0x00007fff96e98322:   80 3c 02 00 75 05 e8 df e3 80 00 48 8b 5c 24 30
0x00007fff96e98332:   48 83 c4 20 5f c3 cc cc cc cc cc cc cc cc b8 a8
0x00007fff96e98342:   00 00 00 c3 cc cc cc cc cc cc cc cc cc cc 40 53
0x00007fff96e98352:   48 83 ec 20 48 8b d9 e8 52 02 00 00 48 8d 05 c3
0x00007fff96e98362:   a8 86 00 c6 83 98 00 00 00 00 48 89 03 b8 02 00
0x00007fff96e98372:   00 00 66 89 43 3a 48 8d 83 a8 00 00 00 48 89 43
0x00007fff96e98382:   40 48 8b c3 c7 43 2c be 00 00 00 48 83 c4 20 5b
0x00007fff96e98392:   c3 cc cc cc cc cc cc cc cc cc cc cc cc cc 40 53
0x00007fff96e983a2:   48 83 ec 20 48 8b d9 e8 02 02 00 00 48 8d 05 6b
0x00007fff96e983b2:   ab 86 00 c7 43 2c de 00 00 00 48 89 03 b8 02 00
0x00007fff96e983c2:   00 00 66 89 43 3a 48 8d 83 a0 00 00 00 48 89 43 


Stack slot to memory mapping:

stack at sp + 0 slots: 0x000000c3056fc4b0 is pointing into the stack for thread: 0x00000206e53c06d0
stack at sp + 1 slots: 0x00000206ef062020 points into unknown readable memory: 0x00000206ef9e76f0 | f0 76 9e ef 06 02 00 00
stack at sp + 2 slots: 0x00000206e55397b0 points into unknown readable memory: 0x00007fff977fde28 | 28 de 7f 97 ff 7f 00 00
stack at sp + 3 slots: 0x00000206eb1f7090 points into unknown readable memory: 0x0000238900002389 | 89 23 00 00 89 23 00 00
stack at sp + 4 slots: 0x00000206efbb0e08 points into unknown readable memory: 0x00007fff9775a2f0 | f0 a2 75 97 ff 7f 00 00
stack at sp + 5 slots: 0x00007fff9748870e jvm.dll
stack at sp + 6 slots: 0x00000206ef59d710 points into unknown readable memory: 0x00007fff977cef80 | 80 ef 7c 97 ff 7f 00 00
stack at sp + 7 slots: 0x00000206ef061fa0 points into unknown readable memory: 0x00007fff977cef80 | 80 ef 7c 97 ff 7f 00 00


---------------  P R O C E S S  ---------------

Threads class SMR info:
_java_thread_list=0x00000206efbdf870, length=86, elements={
0x00000206ccb311d0, 0x00000206e5374170, 0x00000206e537d820, 0x00000206e537df90,
0x00000206e53a77a0, 0x00000206e53a8200, 0x00000206e53a8c60, 0x00000206e539ea70,
0x00000206e53beb60, 0x00000206e53c0000, 0x00000206e53c2210, 0x00000206e53bf260,
0x00000206e584e0e0, 0x00000206e53bf930, 0x00000206e53c0da0, 0x00000206e53c06d0,
0x00000206e53c28e0, 0x00000206e53c1470, 0x00000206eafa9f90, 0x00000206eb632850,
0x00000206eaa05a00, 0x00000206ebe77a80, 0x00000206eb05fb20, 0x00000206ebcf27d0,
0x00000206eb05f2e0, 0x00000206ebd02e40, 0x00000206ebd04880, 0x00000206ebd04f10,
0x00000206ebd034d0, 0x00000206ebd03b60, 0x00000206ebd041f0, 0x00000206ebd02120,
0x00000206ebd027b0, 0x00000206efe83bc0, 0x00000206efe7dfe0, 0x00000206efe7ed00,
0x00000206efe800b0, 0x00000206efe85600, 0x00000206efe7e670, 0x00000206efe84250,
0x00000206efe7fa20, 0x00000206efe80740, 0x00000206efe82180, 0x00000206efe80dd0,
0x00000206efe7f390, 0x00000206efe81460, 0x00000206efe81af0, 0x00000206efe82810,
0x00000206efe82ea0, 0x00000206efe83530, 0x00000206efe848e0, 0x00000206efe84f70,
0x00000206f0148cb0, 0x00000206f0146550, 0x00000206f0143df0, 0x00000206f0149340,
0x00000206f01499d0, 0x00000206f0145ec0, 0x00000206f0147f90, 0x00000206f0144480,
0x00000206f0144b10, 0x00000206f01451a0, 0x00000206f0146be0, 0x00000206f0147900,
0x00000206f0148620, 0x00000206f014a060, 0x00000206f014a6f0, 0x00000206f0143760,
0x00000206efa433c0, 0x00000206efa426a0, 0x00000206efa3ff40, 0x00000206efa405d0,
0x00000206efa3f220, 0x00000206efa3d150, 0x00000206efa42d30, 0x00000206efa3eb90,
0x00000206efa43a50, 0x00000206efa3d7e0, 0x00000206efa40c60, 0x00000206efa412f0,
0x00000206efa41980, 0x00000206efa42010, 0x00000206efa3f8b0, 0x00000206efa3cac0,
0x00000206efa440e0, 0x00000206efa3de70
}

Java Threads: ( => current thread )
  0x00000206ccb311d0 JavaThread "main"                              [_thread_blocked, id=15396, stack(0x000000c303b00000,0x000000c303c00000) (1024K)]
  0x00000206e5374170 JavaThread "Common-Cleaner"             daemon [_thread_blocked, id=6724, stack(0x000000c304300000,0x000000c304400000) (1024K)]
  0x00000206e537d820 JavaThread "Reference Handler"          daemon [_thread_blocked, id=15844, stack(0x000000c304400000,0x000000c304500000) (1024K)]
  0x00000206e537df90 JavaThread "Finalizer"                  daemon [_thread_blocked, id=8216, stack(0x000000c304500000,0x000000c304600000) (1024K)]
  0x00000206e53a77a0 JavaThread "Signal Dispatcher"          daemon [_thread_blocked, id=13556, stack(0x000000c304600000,0x000000c304700000) (1024K)]
  0x00000206e53a8200 JavaThread "Attach Listener"            daemon [_thread_blocked, id=14284, stack(0x000000c304700000,0x000000c304800000) (1024K)]
  0x00000206e53a8c60 JavaThread "Service Thread"             daemon [_thread_blocked, id=16356, stack(0x000000c304800000,0x000000c304900000) (1024K)]
  0x00000206e539ea70 JavaThread "Monitor Deflation Thread"   daemon [_thread_blocked, id=15428, stack(0x000000c304900000,0x000000c304a00000) (1024K)]
  0x00000206e53beb60 JavaThread "C2 CompilerThread0"         daemon [_thread_blocked, id=11148, stack(0x000000c304a00000,0x000000c304b00000) (1024K)]
  0x00000206e53c0000 JavaThread "C1 CompilerThread0"         daemon [_thread_blocked, id=2012, stack(0x000000c304b00000,0x000000c304c00000) (1024K)]
  0x00000206e53c2210 JavaThread "C1 CompilerThread1"         daemon [_thread_blocked, id=472, stack(0x000000c304c00000,0x000000c304d00000) (1024K)]
  0x00000206e53bf260 JavaThread "C1 CompilerThread2"         daemon [_thread_blocked, id=16172, stack(0x000000c304d00000,0x000000c304e00000) (1024K)]
  0x00000206e584e0e0 JavaThread "Notification Thread"        daemon [_thread_blocked, id=13568, stack(0x000000c304e00000,0x000000c304f00000) (1024K)]
  0x00000206e53bf930 JavaThread "C2 CompilerThread1"         daemon [_thread_in_native, id=14980, stack(0x000000c304f00000,0x000000c305000000) (1024K)]
  0x00000206e53c0da0 JavaThread "C2 CompilerThread2"         daemon [_thread_in_native, id=7108, stack(0x000000c305000000,0x000000c305100000) (1024K)]
=>0x00000206e53c06d0 JavaThread "C2 CompilerThread3"         daemon [_thread_in_native, id=14548, stack(0x000000c305600000,0x000000c305700000) (1024K)]
  0x00000206e53c28e0 JavaThread "C2 CompilerThread4"         daemon [_thread_blocked, id=11320, stack(0x000000c305700000,0x000000c305800000) (1024K)]
  0x00000206e53c1470 JavaThread "C1 CompilerThread3"         daemon [_thread_blocked, id=7532, stack(0x000000c305800000,0x000000c305900000) (1024K)]
  0x00000206eafa9f90 JavaThread "Daemon health stats"               [_thread_blocked, id=12280, stack(0x000000c305900000,0x000000c305a00000) (1024K)]
  0x00000206eb632850 JavaThread "Incoming local TCP Connector on port 63828"        [_thread_in_native, id=2908, stack(0x000000c305a00000,0x000000c305b00000) (1024K)]
  0x00000206eaa05a00 JavaThread "Daemon periodic checks"            [_thread_blocked, id=13360, stack(0x000000c305b00000,0x000000c305c00000) (1024K)]
  0x00000206ebe77a80 JavaThread "Daemon"                            [_thread_blocked, id=13016, stack(0x000000c305c00000,0x000000c305d00000) (1024K)]
  0x00000206eb05fb20 JavaThread "Handler for socket connection from /127.0.0.1:63828 to /127.0.0.1:63829"        [_thread_in_native, id=13416, stack(0x000000c305d00000,0x000000c305e00000) (1024K)]
  0x00000206ebcf27d0 JavaThread "Cancel handler"                    [_thread_blocked, id=14812, stack(0x000000c306900000,0x000000c306a00000) (1024K)]
  0x00000206eb05f2e0 JavaThread "Daemon worker"                     [_thread_in_vm, id=15124, stack(0x000000c306a00000,0x000000c306b00000) (1024K)]
  0x00000206ebd02e40 JavaThread "Asynchronous log dispatcher for DefaultDaemonConnection: socket connection from /127.0.0.1:63828 to /127.0.0.1:63829"        [_thread_blocked, id=11372, stack(0x000000c306b00000,0x000000c306c00000) (1024K)]
  0x00000206ebd04880 JavaThread "Stdin handler"                     [_thread_blocked, id=14928, stack(0x000000c306c00000,0x000000c306d00000) (1024K)]
  0x00000206ebd04f10 JavaThread "Daemon client event forwarder"        [_thread_blocked, id=3568, stack(0x000000c306d00000,0x000000c306e00000) (1024K)]
  0x00000206ebd034d0 JavaThread "Cache worker for journal cache (C:\Users\pc\.gradle\caches\journal-1)"        [_thread_blocked, id=13436, stack(0x000000c306e00000,0x000000c306f00000) (1024K)]
  0x00000206ebd03b60 JavaThread "File lock request listener"        [_thread_in_native, id=14408, stack(0x000000c306f00000,0x000000c307000000) (1024K)]
  0x00000206ebd041f0 JavaThread "Cache worker for file hash cache (C:\Users\pc\.gradle\caches\8.13\fileHashes)"        [_thread_blocked, id=424, stack(0x000000c307000000,0x000000c307100000) (1024K)]
  0x00000206ebd02120 JavaThread "Cache worker for file hash cache (C:\Users\pc\StudioProjects\Trust-Money-Android-App\.gradle\8.13\fileHashes)"        [_thread_blocked, id=4600, stack(0x000000c307200000,0x000000c307300000) (1024K)]
  0x00000206ebd027b0 JavaThread "Cache worker for Build Output Cleanup Cache (C:\Users\pc\StudioProjects\Trust-Money-Android-App\.gradle\buildOutputCleanup)"        [_thread_blocked, id=4504, stack(0x000000c307300000,0x000000c307400000) (1024K)]
  0x00000206efe83bc0 JavaThread "File watcher server"        daemon [_thread_in_native, id=5396, stack(0x000000c307400000,0x000000c307500000) (1024K)]
  0x00000206efe7dfe0 JavaThread "File watcher consumer"      daemon [_thread_blocked, id=2720, stack(0x000000c307500000,0x000000c307600000) (1024K)]
  0x00000206efe7ed00 JavaThread "jar transforms"                    [_thread_blocked, id=15656, stack(0x000000c307600000,0x000000c307700000) (1024K)]
  0x00000206efe800b0 JavaThread "jar transforms Thread 2"           [_thread_blocked, id=13732, stack(0x000000c307700000,0x000000c307800000) (1024K)]
  0x00000206efe85600 JavaThread "jar transforms Thread 3"           [_thread_blocked, id=13816, stack(0x000000c307800000,0x000000c307900000) (1024K)]
  0x00000206efe7e670 JavaThread "jar transforms Thread 4"           [_thread_blocked, id=15432, stack(0x000000c307900000,0x000000c307a00000) (1024K)]
  0x00000206efe84250 JavaThread "jar transforms Thread 5"           [_thread_blocked, id=6320, stack(0x000000c307a00000,0x000000c307b00000) (1024K)]
  0x00000206efe7fa20 JavaThread "jar transforms Thread 6"           [_thread_blocked, id=13868, stack(0x000000c307b00000,0x000000c307c00000) (1024K)]
  0x00000206efe80740 JavaThread "jar transforms Thread 7"           [_thread_blocked, id=15644, stack(0x000000c307c00000,0x000000c307d00000) (1024K)]
  0x00000206efe82180 JavaThread "jar transforms Thread 8"           [_thread_blocked, id=13212, stack(0x000000c307d00000,0x000000c307e00000) (1024K)]
  0x00000206efe80dd0 JavaThread "jar transforms Thread 9"           [_thread_blocked, id=2008, stack(0x000000c307e00000,0x000000c307f00000) (1024K)]
  0x00000206efe7f390 JavaThread "jar transforms Thread 10"          [_thread_blocked, id=12364, stack(0x000000c307f00000,0x000000c308000000) (1024K)]
  0x00000206efe81460 JavaThread "jar transforms Thread 11"          [_thread_blocked, id=1576, stack(0x000000c308000000,0x000000c308100000) (1024K)]
  0x00000206efe81af0 JavaThread "jar transforms Thread 12"          [_thread_blocked, id=13856, stack(0x000000c308100000,0x000000c308200000) (1024K)]
  0x00000206efe82810 JavaThread "jar transforms Thread 13"          [_thread_blocked, id=13924, stack(0x000000c308200000,0x000000c308300000) (1024K)]
  0x00000206efe82ea0 JavaThread "jar transforms Thread 14"          [_thread_blocked, id=14404, stack(0x000000c308300000,0x000000c308400000) (1024K)]
  0x00000206efe83530 JavaThread "jar transforms Thread 15"          [_thread_blocked, id=15748, stack(0x000000c308400000,0x000000c308500000) (1024K)]
  0x00000206efe848e0 JavaThread "jar transforms Thread 16"          [_thread_blocked, id=14600, stack(0x000000c308500000,0x000000c308600000) (1024K)]
  0x00000206efe84f70 JavaThread "jar transforms Thread 17"          [_thread_blocked, id=8644, stack(0x000000c308600000,0x000000c308700000) (1024K)]
  0x00000206f0148cb0 JavaThread "jar transforms Thread 18"          [_thread_blocked, id=15804, stack(0x000000c308700000,0x000000c308800000) (1024K)]
  0x00000206f0146550 JavaThread "jar transforms Thread 19"          [_thread_blocked, id=14656, stack(0x000000c308800000,0x000000c308900000) (1024K)]
  0x00000206f0143df0 JavaThread "jar transforms Thread 20"          [_thread_blocked, id=14040, stack(0x000000c308900000,0x000000c308a00000) (1024K)]
  0x00000206f0149340 JavaThread "Cache worker for checksums cache (C:\Users\pc\StudioProjects\Trust-Money-Android-App\.gradle\8.13\checksums)"        [_thread_blocked, id=9792, stack(0x000000c308a00000,0x000000c308b00000) (1024K)]
  0x00000206f01499d0 JavaThread "Cache worker for file content cache (C:\Users\pc\.gradle\caches\8.13\fileContent)"        [_thread_blocked, id=12576, stack(0x000000c308b00000,0x000000c308c00000) (1024K)]
  0x00000206f0145ec0 JavaThread "Cache worker for cache directory md-supplier (C:\Users\pc\.gradle\caches\8.13\md-supplier)"        [_thread_blocked, id=4368, stack(0x000000c308c00000,0x000000c308d00000) (1024K)]
  0x00000206f0147f90 JavaThread "Cache worker for cache directory md-rule (C:\Users\pc\.gradle\caches\8.13\md-rule)"        [_thread_blocked, id=6288, stack(0x000000c308d00000,0x000000c308e00000) (1024K)]
  0x00000206f0144480 JavaThread "Unconstrained build operations"        [_thread_blocked, id=7424, stack(0x000000c308e00000,0x000000c308f00000) (1024K)]
  0x00000206f0144b10 JavaThread "Unconstrained build operations Thread 2"        [_thread_blocked, id=2096, stack(0x000000c308f00000,0x000000c309000000) (1024K)]
  0x00000206f01451a0 JavaThread "Unconstrained build operations Thread 3"        [_thread_blocked, id=8244, stack(0x000000c309000000,0x000000c309100000) (1024K)]
  0x00000206f0146be0 JavaThread "Unconstrained build operations Thread 4"        [_thread_blocked, id=16124, stack(0x000000c309100000,0x000000c309200000) (1024K)]
  0x00000206f0147900 JavaThread "Unconstrained build operations Thread 5"        [_thread_blocked, id=14244, stack(0x000000c309200000,0x000000c309300000) (1024K)]
  0x00000206f0148620 JavaThread "Unconstrained build operations Thread 6"        [_thread_blocked, id=4816, stack(0x000000c309300000,0x000000c309400000) (1024K)]
  0x00000206f014a060 JavaThread "Unconstrained build operations Thread 7"        [_thread_blocked, id=14476, stack(0x000000c309400000,0x000000c309500000) (1024K)]
  0x00000206f014a6f0 JavaThread "Unconstrained build operations Thread 8"        [_thread_blocked, id=4360, stack(0x000000c309500000,0x000000c309600000) (1024K)]
  0x00000206f0143760 JavaThread "Unconstrained build operations Thread 9"        [_thread_blocked, id=15872, stack(0x000000c309600000,0x000000c309700000) (1024K)]
  0x00000206efa433c0 JavaThread "Unconstrained build operations Thread 10"        [_thread_blocked, id=15024, stack(0x000000c309700000,0x000000c309800000) (1024K)]
  0x00000206efa426a0 JavaThread "Unconstrained build operations Thread 11"        [_thread_blocked, id=15892, stack(0x000000c309800000,0x000000c309900000) (1024K)]
  0x00000206efa3ff40 JavaThread "Unconstrained build operations Thread 12"        [_thread_blocked, id=12052, stack(0x000000c309900000,0x000000c309a00000) (1024K)]
  0x00000206efa405d0 JavaThread "Unconstrained build operations Thread 13"        [_thread_blocked, id=1776, stack(0x000000c309a00000,0x000000c309b00000) (1024K)]
  0x00000206efa3f220 JavaThread "Unconstrained build operations Thread 14"        [_thread_blocked, id=15080, stack(0x000000c309b00000,0x000000c309c00000) (1024K)]
  0x00000206efa3d150 JavaThread "Unconstrained build operations Thread 15"        [_thread_blocked, id=14424, stack(0x000000c309c00000,0x000000c309d00000) (1024K)]
  0x00000206efa42d30 JavaThread "Unconstrained build operations Thread 16"        [_thread_blocked, id=1752, stack(0x000000c309d00000,0x000000c309e00000) (1024K)]
  0x00000206efa3eb90 JavaThread "Unconstrained build operations Thread 17"        [_thread_blocked, id=3324, stack(0x000000c309e00000,0x000000c309f00000) (1024K)]
  0x00000206efa43a50 JavaThread "Unconstrained build operations Thread 18"        [_thread_blocked, id=1104, stack(0x000000c309f00000,0x000000c30a000000) (1024K)]
  0x00000206efa3d7e0 JavaThread "Unconstrained build operations Thread 19"        [_thread_blocked, id=14304, stack(0x000000c30a000000,0x000000c30a100000) (1024K)]
  0x00000206efa40c60 JavaThread "Unconstrained build operations Thread 20"        [_thread_blocked, id=264, stack(0x000000c30a100000,0x000000c30a200000) (1024K)]
  0x00000206efa412f0 JavaThread "Unconstrained build operations Thread 21"        [_thread_blocked, id=16332, stack(0x000000c30a200000,0x000000c30a300000) (1024K)]
  0x00000206efa41980 JavaThread "Unconstrained build operations Thread 22"        [_thread_blocked, id=7828, stack(0x000000c30a300000,0x000000c30a400000) (1024K)]
  0x00000206efa42010 JavaThread "Unconstrained build operations Thread 23"        [_thread_blocked, id=1740, stack(0x000000c30a400000,0x000000c30a500000) (1024K)]
  0x00000206efa3f8b0 JavaThread "Unconstrained build operations Thread 24"        [_thread_blocked, id=4812, stack(0x000000c30a500000,0x000000c30a600000) (1024K)]
  0x00000206efa3cac0 JavaThread "Unconstrained build operations Thread 25"        [_thread_blocked, id=11392, stack(0x000000c30a600000,0x000000c30a700000) (1024K)]
  0x00000206efa440e0 JavaThread "Unconstrained build operations Thread 26"        [_thread_blocked, id=14968, stack(0x000000c30a700000,0x000000c30a800000) (1024K)]
  0x00000206efa3de70 JavaThread "Unconstrained build operations Thread 27"        [_thread_blocked, id=14300, stack(0x000000c30a800000,0x000000c30a900000) (1024K)]
Total: 86

Other Threads:
  0x00000206e512ea90 VMThread "VM Thread"                           [id=7672, stack(0x000000c304200000,0x000000c304300000) (1024K)]
  0x00000206e52c1150 WatcherThread "VM Periodic Task Thread"        [id=1284, stack(0x000000c304100000,0x000000c304200000) (1024K)]
  0x00000206ca85e000 WorkerThread "GC Thread#0"                     [id=15224, stack(0x000000c303c00000,0x000000c303d00000) (1024K)]
  0x00000206e5dff290 WorkerThread "GC Thread#1"                     [id=4128, stack(0x000000c305100000,0x000000c305200000) (1024K)]
  0x00000206e5dce260 WorkerThread "GC Thread#2"                     [id=7796, stack(0x000000c305200000,0x000000c305300000) (1024K)]
  0x00000206e5d94350 WorkerThread "GC Thread#3"                     [id=9936, stack(0x000000c305300000,0x000000c305400000) (1024K)]
  0x00000206e5dce610 WorkerThread "GC Thread#4"                     [id=9080, stack(0x000000c305400000,0x000000c305500000) (1024K)]
  0x00000206ea0635e0 WorkerThread "GC Thread#5"                     [id=6268, stack(0x000000c305500000,0x000000c305600000) (1024K)]
  0x00000206eaef0930 WorkerThread "GC Thread#6"                     [id=15676, stack(0x000000c305e00000,0x000000c305f00000) (1024K)]
  0x00000206eaef0ce0 WorkerThread "GC Thread#7"                     [id=10344, stack(0x000000c305f00000,0x000000c306000000) (1024K)]
  0x00000206eaef1090 WorkerThread "GC Thread#8"                     [id=16112, stack(0x000000c306000000,0x000000c306100000) (1024K)]
  0x00000206eaef1810 WorkerThread "GC Thread#9"                     [id=5272, stack(0x000000c306100000,0x000000c306200000) (1024K)]
  0x00000206ea8a2590 WorkerThread "GC Thread#10"                    [id=7336, stack(0x000000c306200000,0x000000c306300000) (1024K)]
  0x00000206ea8a2940 WorkerThread "GC Thread#11"                    [id=14972, stack(0x000000c306300000,0x000000c306400000) (1024K)]
  0x00000206ea8a21e0 WorkerThread "GC Thread#12"                    [id=1804, stack(0x000000c306400000,0x000000c306500000) (1024K)]
  0x00000206ea8a2cf0 WorkerThread "GC Thread#13"                    [id=5372, stack(0x000000c306500000,0x000000c306600000) (1024K)]
  0x00000206eeb62c00 WorkerThread "GC Thread#14"                    [id=1732, stack(0x000000c307100000,0x000000c307200000) (1024K)]
  0x00000206ccb969e0 ConcurrentGCThread "G1 Main Marker"            [id=3556, stack(0x000000c303d00000,0x000000c303e00000) (1024K)]
  0x00000206ccb97b30 WorkerThread "G1 Conc#0"                       [id=13996, stack(0x000000c303e00000,0x000000c303f00000) (1024K)]
  0x00000206ea8a1a80 WorkerThread "G1 Conc#1"                       [id=16340, stack(0x000000c306600000,0x000000c306700000) (1024K)]
  0x00000206ea8a30a0 WorkerThread "G1 Conc#2"                       [id=11412, stack(0x000000c306700000,0x000000c306800000) (1024K)]
  0x00000206ea8a16d0 WorkerThread "G1 Conc#3"                       [id=7468, stack(0x000000c306800000,0x000000c306900000) (1024K)]
  0x00000206e505a660 ConcurrentGCThread "G1 Refine#0"               [id=15480, stack(0x000000c303f00000,0x000000c304000000) (1024K)]
  0x00000206e505b080 ConcurrentGCThread "G1 Service"                [id=6068, stack(0x000000c304000000,0x000000c304100000) (1024K)]
Total: 24

Threads with active compile tasks:
C2 CompilerThread1  2566 6811       4       org.gradle.api.internal.changedetection.state.FallbackHandlingResourceHasher::hash (50 bytes)
C2 CompilerThread2  2566 6814       4       org.gradle.internal.io.IoSupplier$$Lambda/0x00000001005f8988::get (8 bytes)
C2 CompilerThread3  2566 6813       4       org.gradle.api.internal.changedetection.state.FallbackHandlingResourceHasher$$Lambda/0x00000001008ade48::get (12 bytes)
Total: 3

VM state: not at safepoint (normal execution)

VM Mutex/Monitor currently owned by a thread: None

Heap address: 0x0000000080000000, size: 2048 MB, Compressed Oops mode: 32-bit

CDS archive(s) not mapped
Compressed class space mapped at: 0x0000000100000000-0x0000000140000000, reserved size: 1073741824
Narrow klass base: 0x0000000000000000, Narrow klass shift: 3, Narrow klass range: 0x140000000

GC Precious Log:
 CardTable entry size: 512
 Card Set container configuration: InlinePtr #cards 5 size 8 Array Of Cards #cards 12 size 40 Howl #buckets 4 coarsen threshold 1843 Howl Bitmap #cards 512 size 80 coarsen threshold 460 Card regions per heap region 1 cards per card region 2048
 CPUs: 20 total, 20 available
 Memory: 16148M
 Large Page Support: Disabled
 NUMA Support: Disabled
 Compressed Oops: Enabled (32-bit)
 Heap Region Size: 1M
 Heap Min Capacity: 8M
 Heap Initial Capacity: 254M
 Heap Max Capacity: 2G
 Pre-touch: Disabled
 Parallel Workers: 15
 Concurrent Workers: 4
 Concurrent Refinement Workers: 15
 Periodic GC: Disabled

Heap:
 garbage-first heap   total 120832K, used 81058K [0x0000000080000000, 0x0000000100000000)
  region size 1024K, 18 young (18432K), 4 survivors (4096K)
 Metaspace       used 59757K, committed 61248K, reserved 1114112K
  class space    used 8423K, committed 9152K, reserved 1048576K

Heap Regions: E=young(eden), S=young(survivor), O=old, HS=humongous(starts), HC=humongous(continues), CS=collection set, F=free, TAMS=top-at-mark-start, PB=parsable bottom
|   0|0x0000000080000000, 0x0000000080100000, 0x0000000080100000|100%|HS|  |TAMS 0x0000000080000000| PB 0x0000000080000000| Complete 
|   1|0x0000000080100000, 0x0000000080200000, 0x0000000080200000|100%|HC|  |TAMS 0x0000000080100000| PB 0x0000000080100000| Complete 
|   2|0x0000000080200000, 0x0000000080300000, 0x0000000080300000|100%|HC|  |TAMS 0x0000000080200000| PB 0x0000000080200000| Complete 
|   3|0x0000000080300000, 0x0000000080400000, 0x0000000080400000|100%| O|  |TAMS 0x0000000080300000| PB 0x0000000080300000| Untracked 
|   4|0x0000000080400000, 0x0000000080500000, 0x0000000080500000|100%| O|  |TAMS 0x0000000080400000| PB 0x0000000080400000| Untracked 
|   5|0x0000000080500000, 0x0000000080600000, 0x0000000080600000|100%| O|  |TAMS 0x0000000080500000| PB 0x0000000080500000| Untracked 
|   6|0x0000000080600000, 0x0000000080700000, 0x0000000080700000|100%|HS|  |TAMS 0x0000000080600000| PB 0x0000000080600000| Complete 
|   7|0x0000000080700000, 0x0000000080800000, 0x0000000080800000|100%| O|  |TAMS 0x0000000080700000| PB 0x0000000080700000| Untracked 
|   8|0x0000000080800000, 0x0000000080900000, 0x0000000080900000|100%| O|  |TAMS 0x0000000080800000| PB 0x0000000080800000| Untracked 
|   9|0x0000000080900000, 0x0000000080a00000, 0x0000000080a00000|100%| O|  |TAMS 0x0000000080900000| PB 0x0000000080900000| Untracked 
|  10|0x0000000080a00000, 0x0000000080b00000, 0x0000000080b00000|100%| O|  |TAMS 0x0000000080a00000| PB 0x0000000080a00000| Untracked 
|  11|0x0000000080b00000, 0x0000000080c00000, 0x0000000080c00000|100%| O|  |TAMS 0x0000000080b00000| PB 0x0000000080b00000| Untracked 
|  12|0x0000000080c00000, 0x0000000080d00000, 0x0000000080d00000|100%| O|  |TAMS 0x0000000080c00000| PB 0x0000000080c00000| Untracked 
|  13|0x0000000080d00000, 0x0000000080e00000, 0x0000000080e00000|100%| O|  |TAMS 0x0000000080d00000| PB 0x0000000080d00000| Untracked 
|  14|0x0000000080e00000, 0x0000000080f00000, 0x0000000080f00000|100%| O|  |TAMS 0x0000000080e00000| PB 0x0000000080e00000| Untracked 
|  15|0x0000000080f00000, 0x0000000081000000, 0x0000000081000000|100%| O|  |TAMS 0x0000000080f00000| PB 0x0000000080f00000| Untracked 
|  16|0x0000000081000000, 0x0000000081100000, 0x0000000081100000|100%| O|  |TAMS 0x0000000081000000| PB 0x0000000081000000| Untracked 
|  17|0x0000000081100000, 0x0000000081200000, 0x0000000081200000|100%|HS|  |TAMS 0x0000000081100000| PB 0x0000000081100000| Complete 
|  18|0x0000000081200000, 0x0000000081300000, 0x0000000081300000|100%|HC|  |TAMS 0x0000000081200000| PB 0x0000000081200000| Complete 
|  19|0x0000000081300000, 0x0000000081400000, 0x0000000081400000|100%|HC|  |TAMS 0x0000000081300000| PB 0x0000000081300000| Complete 
|  20|0x0000000081400000, 0x0000000081500000, 0x0000000081500000|100%|HC|  |TAMS 0x0000000081400000| PB 0x0000000081400000| Complete 
|  21|0x0000000081500000, 0x0000000081600000, 0x0000000081600000|100%|HC|  |TAMS 0x0000000081500000| PB 0x0000000081500000| Complete 
|  22|0x0000000081600000, 0x0000000081700000, 0x0000000081700000|100%|HC|  |TAMS 0x0000000081600000| PB 0x0000000081600000| Complete 
|  23|0x0000000081700000, 0x0000000081800000, 0x0000000081800000|100%|HS|  |TAMS 0x0000000081700000| PB 0x0000000081700000| Complete 
|  24|0x0000000081800000, 0x0000000081900000, 0x0000000081900000|100%|HC|  |TAMS 0x0000000081800000| PB 0x0000000081800000| Complete 
|  25|0x0000000081900000, 0x0000000081a00000, 0x0000000081a00000|100%|HS|  |TAMS 0x0000000081900000| PB 0x0000000081900000| Complete 
|  26|0x0000000081a00000, 0x0000000081b00000, 0x0000000081b00000|100%|HS|  |TAMS 0x0000000081a00000| PB 0x0000000081a00000| Complete 
|  27|0x0000000081b00000, 0x0000000081c00000, 0x0000000081c00000|100%|HC|  |TAMS 0x0000000081b00000| PB 0x0000000081b00000| Complete 
|  28|0x0000000081c00000, 0x0000000081d00000, 0x0000000081d00000|100%|HC|  |TAMS 0x0000000081c00000| PB 0x0000000081c00000| Complete 
|  29|0x0000000081d00000, 0x0000000081e00000, 0x0000000081e00000|100%|HC|  |TAMS 0x0000000081d00000| PB 0x0000000081d00000| Complete 
|  30|0x0000000081e00000, 0x0000000081f00000, 0x0000000081f00000|100%|HC|  |TAMS 0x0000000081e00000| PB 0x0000000081e00000| Complete 
|  31|0x0000000081f00000, 0x0000000082000000, 0x0000000082000000|100%|HC|  |TAMS 0x0000000081f00000| PB 0x0000000081f00000| Complete 
|  32|0x0000000082000000, 0x0000000082100000, 0x0000000082100000|100%|HS|  |TAMS 0x0000000082000000| PB 0x0000000082000000| Complete 
|  33|0x0000000082100000, 0x0000000082200000, 0x0000000082200000|100%|HC|  |TAMS 0x0000000082100000| PB 0x0000000082100000| Complete 
|  34|0x0000000082200000, 0x0000000082300000, 0x0000000082300000|100%|HS|  |TAMS 0x0000000082200000| PB 0x0000000082200000| Complete 
|  35|0x0000000082300000, 0x0000000082400000, 0x0000000082400000|100%| O|  |TAMS 0x0000000082300000| PB 0x0000000082300000| Untracked 
|  36|0x0000000082400000, 0x0000000082500000, 0x0000000082500000|100%| O|  |TAMS 0x0000000082400000| PB 0x0000000082400000| Untracked 
|  37|0x0000000082500000, 0x0000000082600000, 0x0000000082600000|100%| O|  |TAMS 0x0000000082500000| PB 0x0000000082500000| Untracked 
|  38|0x0000000082600000, 0x0000000082700000, 0x0000000082700000|100%| O|  |TAMS 0x0000000082600000| PB 0x0000000082600000| Untracked 
|  39|0x0000000082700000, 0x0000000082800000, 0x0000000082800000|100%| O|  |TAMS 0x0000000082700000| PB 0x0000000082700000| Untracked 
|  40|0x0000000082800000, 0x0000000082900000, 0x0000000082900000|100%| O|  |TAMS 0x0000000082800000| PB 0x0000000082800000| Untracked 
|  41|0x0000000082900000, 0x0000000082a00000, 0x0000000082a00000|100%| O|  |TAMS 0x0000000082900000| PB 0x0000000082900000| Untracked 
|  42|0x0000000082a00000, 0x0000000082b00000, 0x0000000082b00000|100%| O|  |TAMS 0x0000000082a00000| PB 0x0000000082a00000| Untracked 
|  43|0x0000000082b00000, 0x0000000082c00000, 0x0000000082c00000|100%|HS|  |TAMS 0x0000000082b00000| PB 0x0000000082b00000| Complete 
|  44|0x0000000082c00000, 0x0000000082d00000, 0x0000000082d00000|100%|HC|  |TAMS 0x0000000082c00000| PB 0x0000000082c00000| Complete 
|  45|0x0000000082d00000, 0x0000000082e00000, 0x0000000082e00000|100%| O|  |TAMS 0x0000000082d00000| PB 0x0000000082d00000| Untracked 
|  46|0x0000000082e00000, 0x0000000082f00000, 0x0000000082f00000|100%| O|  |TAMS 0x0000000082e00000| PB 0x0000000082e00000| Untracked 
|  47|0x0000000082f00000, 0x0000000083000000, 0x0000000083000000|100%| O|  |TAMS 0x0000000082f00000| PB 0x0000000082f00000| Untracked 
|  48|0x0000000083000000, 0x0000000083100000, 0x0000000083100000|100%| O|  |TAMS 0x0000000083000000| PB 0x0000000083000000| Untracked 
|  49|0x0000000083100000, 0x0000000083200000, 0x0000000083200000|100%| O|Cm|TAMS 0x0000000083100000| PB 0x0000000083100000| Complete 
|  50|0x0000000083200000, 0x0000000083300000, 0x0000000083300000|100%| O|  |TAMS 0x0000000083200000| PB 0x0000000083200000| Untracked 
|  51|0x0000000083300000, 0x0000000083400000, 0x0000000083400000|100%| O|  |TAMS 0x0000000083300000| PB 0x0000000083300000| Untracked 
|  52|0x0000000083400000, 0x0000000083441f10, 0x0000000083500000| 25%| O|  |TAMS 0x0000000083400000| PB 0x0000000083400000| Untracked 
|  53|0x0000000083500000, 0x0000000083500000, 0x0000000083600000|  0%| F|  |TAMS 0x0000000083500000| PB 0x0000000083500000| Untracked 
|  54|0x0000000083600000, 0x0000000083600000, 0x0000000083700000|  0%| F|  |TAMS 0x0000000083600000| PB 0x0000000083600000| Untracked 
|  55|0x0000000083700000, 0x0000000083700000, 0x0000000083800000|  0%| F|  |TAMS 0x0000000083700000| PB 0x0000000083700000| Untracked 
|  56|0x0000000083800000, 0x0000000083800000, 0x0000000083900000|  0%| F|  |TAMS 0x0000000083800000| PB 0x0000000083800000| Untracked 
|  57|0x0000000083900000, 0x0000000083900000, 0x0000000083a00000|  0%| F|  |TAMS 0x0000000083900000| PB 0x0000000083900000| Untracked 
|  58|0x0000000083a00000, 0x0000000083a00000, 0x0000000083b00000|  0%| F|  |TAMS 0x0000000083a00000| PB 0x0000000083a00000| Untracked 
|  59|0x0000000083b00000, 0x0000000083b00000, 0x0000000083c00000|  0%| F|  |TAMS 0x0000000083b00000| PB 0x0000000083b00000| Untracked 
|  60|0x0000000083c00000, 0x0000000083ce6b08, 0x0000000083d00000| 90%| S|CS|TAMS 0x0000000083c00000| PB 0x0000000083c00000| Complete 
|  61|0x0000000083d00000, 0x0000000083e00000, 0x0000000083e00000|100%| S|CS|TAMS 0x0000000083d00000| PB 0x0000000083d00000| Complete 
|  62|0x0000000083e00000, 0x0000000083e00000, 0x0000000083f00000|  0%| F|  |TAMS 0x0000000083e00000| PB 0x0000000083e00000| Untracked 
|  63|0x0000000083f00000, 0x0000000083f00000, 0x0000000084000000|  0%| F|  |TAMS 0x0000000083f00000| PB 0x0000000083f00000| Untracked 
|  64|0x0000000084000000, 0x0000000084000000, 0x0000000084100000|  0%| F|  |TAMS 0x0000000084000000| PB 0x0000000084000000| Untracked 
|  65|0x0000000084100000, 0x0000000084200000, 0x0000000084200000|100%| S|CS|TAMS 0x0000000084100000| PB 0x0000000084100000| Complete 
|  66|0x0000000084200000, 0x0000000084300000, 0x0000000084300000|100%| S|CS|TAMS 0x0000000084200000| PB 0x0000000084200000| Complete 
|  67|0x0000000084300000, 0x0000000084300000, 0x0000000084400000|  0%| F|  |TAMS 0x0000000084300000| PB 0x0000000084300000| Untracked 
|  68|0x0000000084400000, 0x0000000084400000, 0x0000000084500000|  0%| F|  |TAMS 0x0000000084400000| PB 0x0000000084400000| Untracked 
|  69|0x0000000084500000, 0x0000000084500000, 0x0000000084600000|  0%| F|  |TAMS 0x0000000084500000| PB 0x0000000084500000| Untracked 
|  70|0x0000000084600000, 0x0000000084600000, 0x0000000084700000|  0%| F|  |TAMS 0x0000000084600000| PB 0x0000000084600000| Untracked 
|  71|0x0000000084700000, 0x0000000084700000, 0x0000000084800000|  0%| F|  |TAMS 0x0000000084700000| PB 0x0000000084700000| Untracked 
|  72|0x0000000084800000, 0x0000000084800000, 0x0000000084900000|  0%| F|  |TAMS 0x0000000084800000| PB 0x0000000084800000| Untracked 
|  73|0x0000000084900000, 0x0000000084900000, 0x0000000084a00000|  0%| F|  |TAMS 0x0000000084900000| PB 0x0000000084900000| Untracked 
|  74|0x0000000084a00000, 0x0000000084a00000, 0x0000000084b00000|  0%| F|  |TAMS 0x0000000084a00000| PB 0x0000000084a00000| Untracked 
|  75|0x0000000084b00000, 0x0000000084b00000, 0x0000000084c00000|  0%| F|  |TAMS 0x0000000084b00000| PB 0x0000000084b00000| Untracked 
|  76|0x0000000084c00000, 0x0000000084c00000, 0x0000000084d00000|  0%| F|  |TAMS 0x0000000084c00000| PB 0x0000000084c00000| Untracked 
|  77|0x0000000084d00000, 0x0000000084d00000, 0x0000000084e00000|  0%| F|  |TAMS 0x0000000084d00000| PB 0x0000000084d00000| Untracked 
|  78|0x0000000084e00000, 0x0000000084e00000, 0x0000000084f00000|  0%| F|  |TAMS 0x0000000084e00000| PB 0x0000000084e00000| Untracked 
|  79|0x0000000084f00000, 0x0000000084f00000, 0x0000000085000000|  0%| F|  |TAMS 0x0000000084f00000| PB 0x0000000084f00000| Untracked 
|  80|0x0000000085000000, 0x0000000085000000, 0x0000000085100000|  0%| F|  |TAMS 0x0000000085000000| PB 0x0000000085000000| Untracked 
|  81|0x0000000085100000, 0x0000000085100000, 0x0000000085200000|  0%| F|  |TAMS 0x0000000085100000| PB 0x0000000085100000| Untracked 
|  82|0x0000000085200000, 0x0000000085200000, 0x0000000085300000|  0%| F|  |TAMS 0x0000000085200000| PB 0x0000000085200000| Untracked 
|  83|0x0000000085300000, 0x0000000085300000, 0x0000000085400000|  0%| F|  |TAMS 0x0000000085300000| PB 0x0000000085300000| Untracked 
|  84|0x0000000085400000, 0x0000000085400000, 0x0000000085500000|  0%| F|  |TAMS 0x0000000085400000| PB 0x0000000085400000| Untracked 
|  85|0x0000000085500000, 0x0000000085500000, 0x0000000085600000|  0%| F|  |TAMS 0x0000000085500000| PB 0x0000000085500000| Untracked 
|  86|0x0000000085600000, 0x0000000085600000, 0x0000000085700000|  0%| F|  |TAMS 0x0000000085600000| PB 0x0000000085600000| Untracked 
|  87|0x0000000085700000, 0x0000000085700000, 0x0000000085800000|  0%| F|  |TAMS 0x0000000085700000| PB 0x0000000085700000| Untracked 
|  88|0x0000000085800000, 0x0000000085800000, 0x0000000085900000|  0%| F|  |TAMS 0x0000000085800000| PB 0x0000000085800000| Untracked 
|  89|0x0000000085900000, 0x0000000085900000, 0x0000000085a00000|  0%| F|  |TAMS 0x0000000085900000| PB 0x0000000085900000| Untracked 
|  90|0x0000000085a00000, 0x0000000085a00000, 0x0000000085b00000|  0%| F|  |TAMS 0x0000000085a00000| PB 0x0000000085a00000| Untracked 
|  91|0x0000000085b00000, 0x0000000085b00000, 0x0000000085c00000|  0%| F|  |TAMS 0x0000000085b00000| PB 0x0000000085b00000| Untracked 
|  92|0x0000000085c00000, 0x0000000085c00000, 0x0000000085d00000|  0%| F|  |TAMS 0x0000000085c00000| PB 0x0000000085c00000| Untracked 
| 104|0x0000000086800000, 0x0000000086800000, 0x0000000086900000|  0%| F|  |TAMS 0x0000000086800000| PB 0x0000000086800000| Untracked 
| 105|0x0000000086900000, 0x0000000086a00000, 0x0000000086a00000|100%| E|  |TAMS 0x0000000086900000| PB 0x0000000086900000| Complete 
| 106|0x0000000086a00000, 0x0000000086b00000, 0x0000000086b00000|100%| E|CS|TAMS 0x0000000086a00000| PB 0x0000000086a00000| Complete 
| 107|0x0000000086b00000, 0x0000000086c00000, 0x0000000086c00000|100%| E|CS|TAMS 0x0000000086b00000| PB 0x0000000086b00000| Complete 
| 108|0x0000000086c00000, 0x0000000086d00000, 0x0000000086d00000|100%| E|CS|TAMS 0x0000000086c00000| PB 0x0000000086c00000| Complete 
| 109|0x0000000086d00000, 0x0000000086e00000, 0x0000000086e00000|100%| E|CS|TAMS 0x0000000086d00000| PB 0x0000000086d00000| Complete 
| 110|0x0000000086e00000, 0x0000000086f00000, 0x0000000086f00000|100%| E|CS|TAMS 0x0000000086e00000| PB 0x0000000086e00000| Complete 
| 111|0x0000000086f00000, 0x0000000087000000, 0x0000000087000000|100%| E|CS|TAMS 0x0000000086f00000| PB 0x0000000086f00000| Complete 
| 112|0x0000000087000000, 0x0000000087100000, 0x0000000087100000|100%| E|CS|TAMS 0x0000000087000000| PB 0x0000000087000000| Complete 
| 113|0x0000000087100000, 0x0000000087200000, 0x0000000087200000|100%| E|CS|TAMS 0x0000000087100000| PB 0x0000000087100000| Complete 
| 114|0x0000000087200000, 0x0000000087300000, 0x0000000087300000|100%| E|CS|TAMS 0x0000000087200000| PB 0x0000000087200000| Complete 
| 115|0x0000000087300000, 0x0000000087400000, 0x0000000087400000|100%| E|CS|TAMS 0x0000000087300000| PB 0x0000000087300000| Complete 
| 116|0x0000000087400000, 0x0000000087500000, 0x0000000087500000|100%| E|CS|TAMS 0x0000000087400000| PB 0x0000000087400000| Complete 
| 117|0x0000000087500000, 0x0000000087600000, 0x0000000087600000|100%| E|CS|TAMS 0x0000000087500000| PB 0x0000000087500000| Complete 
| 253|0x000000008fd00000, 0x000000008fe00000, 0x000000008fe00000|100%| E|CS|TAMS 0x000000008fd00000| PB 0x000000008fd00000| Complete 
|2038|0x00000000ff600000, 0x00000000ff700000, 0x00000000ff700000|100%| O|  |TAMS 0x00000000ff600000| PB 0x00000000ff600000| Untracked 
|2039|0x00000000ff700000, 0x00000000ff800000, 0x00000000ff800000|100%| O|  |TAMS 0x00000000ff700000| PB 0x00000000ff700000| Untracked 
|2040|0x00000000ff800000, 0x00000000ff900000, 0x00000000ff900000|100%| O|  |TAMS 0x00000000ff800000| PB 0x00000000ff800000| Untracked 
|2041|0x00000000ff900000, 0x00000000ffa00000, 0x00000000ffa00000|100%| O|  |TAMS 0x00000000ff900000| PB 0x00000000ff900000| Untracked 
|2042|0x00000000ffa00000, 0x00000000ffb00000, 0x00000000ffb00000|100%| O|Cm|TAMS 0x00000000ffa00000| PB 0x00000000ffa00000| Complete 
|2043|0x00000000ffb00000, 0x00000000ffc00000, 0x00000000ffc00000|100%| O|  |TAMS 0x00000000ffb00000| PB 0x00000000ffb00000| Untracked 
|2044|0x00000000ffc00000, 0x00000000ffd00000, 0x00000000ffd00000|100%| O|  |TAMS 0x00000000ffc00000| PB 0x00000000ffc00000| Untracked 
|2045|0x00000000ffd00000, 0x00000000ffe00000, 0x00000000ffe00000|100%| O|  |TAMS 0x00000000ffd00000| PB 0x00000000ffd00000| Untracked 
|2046|0x00000000ffe00000, 0x00000000fff00000, 0x00000000fff00000|100%| O|  |TAMS 0x00000000ffe00000| PB 0x00000000ffe00000| Untracked 
|2047|0x00000000fff00000, 0x0000000100000000, 0x0000000100000000|100%| O|  |TAMS 0x00000000fff00000| PB 0x00000000fff00000| Untracked 

Card table byte_map: [0x00000206dfb30000,0x00000206dff30000] _byte_map_base: 0x00000206df730000

Marking Bits: (CMBitMap*) 0x00000206ca85e5b0
 Bits: [0x00000206dff30000, 0x00000206e1f30000)

Polling page: 0x00000206ca950000

Metaspace:

Usage:
  Non-class:     50.16 MB used.
      Class:      8.25 MB used.
       Both:     58.41 MB used.

Virtual space:
  Non-class space:       64.00 MB reserved,      50.94 MB ( 80%) committed,  1 nodes.
      Class space:        1.00 GB reserved,       8.94 MB ( <1%) committed,  1 nodes.
             Both:        1.06 GB reserved,      59.88 MB (  6%) committed. 

Chunk freelists:
   Non-Class:  13.03 MB
       Class:  7.08 MB
        Both:  20.11 MB

MaxMetaspaceSize: unlimited
CompressedClassSpaceSize: 1.00 GB
Initial GC threshold: 21.00 MB
Current GC threshold: 97.81 MB
CDS: off
 - commit_granule_bytes: 65536.
 - commit_granule_words: 8192.
 - virtual_space_node_default_size: 8388608.
 - enlarge_chunks_in_place: 1.
 - use_allocation_guard: 0.


Internal statistics:

num_allocs_failed_limit: 6.
num_arena_births: 2826.
num_arena_deaths: 0.
num_vsnodes_births: 2.
num_vsnodes_deaths: 0.
num_space_committed: 958.
num_space_uncommitted: 0.
num_chunks_returned_to_freelist: 6.
num_chunks_taken_from_freelist: 5239.
num_chunk_merges: 3.
num_chunk_splits: 3333.
num_chunks_enlarged: 1988.
num_inconsistent_stats: 0.

CodeHeap 'non-profiled nmethods': size=119168Kb used=3475Kb max_used=4006Kb free=115692Kb
 bounds [0x00000206d7830000, 0x00000206d7c20000, 0x00000206dec90000]
CodeHeap 'profiled nmethods': size=119104Kb used=11276Kb max_used=12015Kb free=107827Kb
 bounds [0x00000206cfc90000, 0x00000206d0850000, 0x00000206d70e0000]
CodeHeap 'non-nmethods': size=7488Kb used=4248Kb max_used=4287Kb free=3240Kb
 bounds [0x00000206d70e0000, 0x00000206d7520000, 0x00000206d7830000]
CodeCache: size=245760Kb, used=18999Kb, max_used=20308Kb, free=226759Kb
 total_blobs=6706, nmethods=5854, adapters=752, full_count=0
Compilation: enabled, stopped_count=0, restarted_count=0

Compilation events (20 events):
Event: 2.515 Thread 0x00000206e53c28e0 6810       4       java.util.Optional::flatMap (38 bytes)
Event: 2.515 Thread 0x00000206e53bf930 6811       4       org.gradle.api.internal.changedetection.state.FallbackHandlingResourceHasher::hash (50 bytes)
Event: 2.515 Thread 0x00000206e53c28e0 nmethod 6810 0x00000206d7c17410 code [0x00000206d7c175a0, 0x00000206d7c17688]
Event: 2.515 Thread 0x00000206e53c28e0 6812       4       org.gradle.api.internal.changedetection.state.FallbackHandlingResourceHasher$$Lambda/0x00000001008ad480::test (12 bytes)
Event: 2.515 Thread 0x00000206e53c06d0 6813       4       org.gradle.api.internal.changedetection.state.FallbackHandlingResourceHasher$$Lambda/0x00000001008ade48::get (12 bytes)
Event: 2.518 Thread 0x00000206e53c0da0 nmethod 6808 0x00000206d7c17790 code [0x00000206d7c17a20, 0x00000206d7c18de0]
Event: 2.522 Thread 0x00000206e53c0da0 6814       4       org.gradle.internal.io.IoSupplier$$Lambda/0x00000001005f8988::get (8 bytes)
Event: 2.524 Thread 0x00000206e53c1470 6815       3       java.util.ComparableTimSort::countRunAndMakeAscending (123 bytes)
Event: 2.524 Thread 0x00000206e53beb60 6816       4       org.gradle.internal.fingerprint.impl.DefaultFileSystemLocationFingerprint::compareTo (9 bytes)
Event: 2.524 Thread 0x00000206e53c1470 nmethod 6815 0x00000206d084af90 code [0x00000206d084b1e0, 0x00000206d084bbc0]
Event: 2.526 Thread 0x00000206e53beb60 nmethod 6816 0x00000206d78e4b90 code [0x00000206d78e4d40, 0x00000206d78e5018]
Event: 2.526 Thread 0x00000206e53beb60 6817       4       org.gradle.internal.hash.Hashing$MessageDigestHasher::update (28 bytes)
Event: 2.527 Thread 0x00000206e53beb60 nmethod 6817 0x00000206d7a96c90 code [0x00000206d7a96e40, 0x00000206d7a97018]
Event: 2.527 Thread 0x00000206e53beb60 6818       4       java.nio.HeapByteBuffer::putInt (31 bytes)
Event: 2.527 Thread 0x00000206e53beb60 nmethod 6818 0x00000206d7842e10 code [0x00000206d7842fa0, 0x00000206d78430d0]
Event: 2.528 Thread 0x00000206e53beb60 6819       4       java.net.URI::quote (214 bytes)
Event: 2.530 Thread 0x00000206e53beb60 nmethod 6819 0x00000206d7955b90 code [0x00000206d7955d40, 0x00000206d7956078]
Event: 2.533 Thread 0x00000206e53c28e0 nmethod 6812 0x00000206d799bd10 code [0x00000206d799bfe0, 0x00000206d799d000]
Event: 2.535 Thread 0x00000206e53beb60 6820       4       jdk.internal.org.objectweb.asm.MethodWriter::<init> (232 bytes)
Event: 2.535 Thread 0x00000206e53c28e0 6821       4       jdk.internal.org.objectweb.asm.ClassWriter::visitMethod (57 bytes)

GC Heap History (20 events):
Event: 0.823 GC heap before
{Heap before GC invocations=2 (full 0):
 garbage-first heap   total 260096K, used 144812K [0x0000000080000000, 0x0000000100000000)
  region size 1024K, 136 young (139264K), 5 survivors (5120K)
 Metaspace       used 21146K, committed 21504K, reserved 1114112K
  class space    used 2497K, committed 2688K, reserved 1048576K
}
Event: 0.827 GC heap after
{Heap after GC invocations=3 (full 0):
 garbage-first heap   total 260096K, used 20011K [0x0000000080000000, 0x0000000100000000)
  region size 1024K, 14 young (14336K), 14 survivors (14336K)
 Metaspace       used 21146K, committed 21504K, reserved 1114112K
  class space    used 2497K, committed 2688K, reserved 1048576K
}
Event: 1.107 GC heap before
{Heap before GC invocations=4 (full 0):
 garbage-first heap   total 71680K, used 70187K [0x0000000080000000, 0x0000000100000000)
  region size 1024K, 63 young (64512K), 14 survivors (14336K)
 Metaspace       used 29145K, committed 29632K, reserved 1114112K
  class space    used 3766K, committed 3968K, reserved 1048576K
}
Event: 1.111 GC heap after
{Heap after GC invocations=5 (full 0):
 garbage-first heap   total 88064K, used 22754K [0x0000000080000000, 0x0000000100000000)
  region size 1024K, 11 young (11264K), 11 survivors (11264K)
 Metaspace       used 29145K, committed 29632K, reserved 1114112K
  class space    used 3766K, committed 3968K, reserved 1048576K
}
Event: 1.321 GC heap before
{Heap before GC invocations=5 (full 0):
 garbage-first heap   total 88064K, used 63714K [0x0000000080000000, 0x0000000100000000)
  region size 1024K, 51 young (52224K), 11 survivors (11264K)
 Metaspace       used 34287K, committed 35072K, reserved 1114112K
  class space    used 4683K, committed 5056K, reserved 1048576K
}
Event: 1.324 GC heap after
{Heap after GC invocations=6 (full 0):
 garbage-first heap   total 88064K, used 25492K [0x0000000080000000, 0x0000000100000000)
  region size 1024K, 6 young (6144K), 6 survivors (6144K)
 Metaspace       used 34287K, committed 35072K, reserved 1114112K
  class space    used 4683K, committed 5056K, reserved 1048576K
}
Event: 1.352 GC heap before
{Heap before GC invocations=6 (full 0):
 garbage-first heap   total 88064K, used 31636K [0x0000000080000000, 0x0000000100000000)
  region size 1024K, 13 young (13312K), 6 survivors (6144K)
 Metaspace       used 35214K, committed 35968K, reserved 1114112K
  class space    used 4857K, committed 5248K, reserved 1048576K
}
Event: 1.355 GC heap after
{Heap after GC invocations=7 (full 0):
 garbage-first heap   total 88064K, used 26083K [0x0000000080000000, 0x0000000100000000)
  region size 1024K, 4 young (4096K), 4 survivors (4096K)
 Metaspace       used 35214K, committed 35968K, reserved 1114112K
  class space    used 4857K, committed 5248K, reserved 1048576K
}
Event: 1.549 GC heap before
{Heap before GC invocations=8 (full 0):
 garbage-first heap   total 88064K, used 86499K [0x0000000080000000, 0x0000000100000000)
  region size 1024K, 46 young (47104K), 4 survivors (4096K)
 Metaspace       used 39534K, committed 40448K, reserved 1114112K
  class space    used 5556K, committed 6016K, reserved 1048576K
}
Event: 1.551 GC heap after
{Heap after GC invocations=9 (full 0):
 garbage-first heap   total 100352K, used 52923K [0x0000000080000000, 0x0000000100000000)
  region size 1024K, 7 young (7168K), 7 survivors (7168K)
 Metaspace       used 39534K, committed 40448K, reserved 1114112K
  class space    used 5556K, committed 6016K, reserved 1048576K
}
Event: 1.746 GC heap before
{Heap before GC invocations=9 (full 0):
 garbage-first heap   total 100352K, used 85691K [0x0000000080000000, 0x0000000100000000)
  region size 1024K, 40 young (40960K), 7 survivors (7168K)
 Metaspace       used 46463K, committed 47424K, reserved 1114112K
  class space    used 6390K, committed 6848K, reserved 1048576K
}
Event: 1.749 GC heap after
{Heap after GC invocations=10 (full 0):
 garbage-first heap   total 120832K, used 57546K [0x0000000080000000, 0x0000000100000000)
  region size 1024K, 5 young (5120K), 5 survivors (5120K)
 Metaspace       used 46463K, committed 47424K, reserved 1114112K
  class space    used 6390K, committed 6848K, reserved 1048576K
}
Event: 1.846 GC heap before
{Heap before GC invocations=10 (full 0):
 garbage-first heap   total 120832K, used 90314K [0x0000000080000000, 0x0000000100000000)
  region size 1024K, 37 young (37888K), 5 survivors (5120K)
 Metaspace       used 47823K, committed 48832K, reserved 1114112K
  class space    used 6563K, committed 7040K, reserved 1048576K
}
Event: 1.848 GC heap after
{Heap after GC invocations=11 (full 0):
 garbage-first heap   total 120832K, used 60823K [0x0000000080000000, 0x0000000100000000)
  region size 1024K, 3 young (3072K), 3 survivors (3072K)
 Metaspace       used 47823K, committed 48832K, reserved 1114112K
  class space    used 6563K, committed 7040K, reserved 1048576K
}
Event: 2.073 GC heap before
{Heap before GC invocations=12 (full 0):
 garbage-first heap   total 120832K, used 108951K [0x0000000080000000, 0x0000000100000000)
  region size 1024K, 46 young (47104K), 3 survivors (3072K)
 Metaspace       used 53547K, committed 54976K, reserved 1114112K
  class space    used 7401K, committed 8128K, reserved 1048576K
}
Event: 2.075 GC heap after
{Heap after GC invocations=13 (full 0):
 garbage-first heap   total 120832K, used 62197K [0x0000000080000000, 0x0000000100000000)
  region size 1024K, 6 young (6144K), 6 survivors (6144K)
 Metaspace       used 53547K, committed 54976K, reserved 1114112K
  class space    used 7401K, committed 8128K, reserved 1048576K
}
Event: 2.417 GC heap before
{Heap before GC invocations=13 (full 0):
 garbage-first heap   total 120832K, used 107253K [0x0000000080000000, 0x0000000100000000)
  region size 1024K, 49 young (50176K), 6 survivors (6144K)
 Metaspace       used 58171K, committed 59648K, reserved 1114112K
  class space    used 8184K, committed 8896K, reserved 1048576K
}
Event: 2.419 GC heap after
{Heap after GC invocations=14 (full 0):
 garbage-first heap   total 120832K, used 66626K [0x0000000080000000, 0x0000000100000000)
  region size 1024K, 6 young (6144K), 6 survivors (6144K)
 Metaspace       used 58171K, committed 59648K, reserved 1114112K
  class space    used 8184K, committed 8896K, reserved 1048576K
}
Event: 2.516 GC heap before
{Heap before GC invocations=14 (full 0):
 garbage-first heap   total 120832K, used 107586K [0x0000000080000000, 0x0000000100000000)
  region size 1024K, 47 young (48128K), 6 survivors (6144K)
 Metaspace       used 58588K, committed 60096K, reserved 1114112K
  class space    used 8199K, committed 8896K, reserved 1048576K
}
Event: 2.517 GC heap after
{Heap after GC invocations=15 (full 0):
 garbage-first heap   total 120832K, used 67746K [0x0000000080000000, 0x0000000100000000)
  region size 1024K, 4 young (4096K), 4 survivors (4096K)
 Metaspace       used 58588K, committed 60096K, reserved 1114112K
  class space    used 8199K, committed 8896K, reserved 1048576K
}

Dll operation events (3 events):
Event: 0.003 Loaded shared library C:\Program Files\Android\Android Studio\jbr\bin\java.dll
Event: 0.006 Loaded shared library C:\Program Files\Android\Android Studio\jbr\bin\zip.dll
Event: 0.237 Loaded shared library C:\Program Files\Android\Android Studio\jbr\bin\verify.dll

Deoptimization events (20 events):
Event: 2.430 Thread 0x00000206efa43a50 Uncommon trap: trap_request=0xffffff45 fr.pc=0x00000206d79554ac relative=0x000000000000016c
Event: 2.430 Thread 0x00000206efa43a50 Uncommon trap: reason=unstable_if action=reinterpret pc=0x00000206d79554ac method=java.util.concurrent.ConcurrentHashMap.addCount(JI)V @ 34 c2
Event: 2.430 Thread 0x00000206efa43a50 DEOPT PACKING pc=0x00000206d79554ac sp=0x000000c309ffdda0
Event: 2.430 Thread 0x00000206efa43a50 DEOPT UNPACKING pc=0x00000206d71343a2 sp=0x000000c309ffdce0 mode 2
Event: 2.430 Thread 0x00000206efa440e0 Uncommon trap: trap_request=0xffffff45 fr.pc=0x00000206d7bc9770 relative=0x0000000000000cd0
Event: 2.430 Thread 0x00000206efa440e0 Uncommon trap: reason=unstable_if action=reinterpret pc=0x00000206d7bc9770 method=java.util.concurrent.ConcurrentHashMap.addCount(JI)V @ 7 c2
Event: 2.430 Thread 0x00000206efa440e0 DEOPT PACKING pc=0x00000206d7bc9770 sp=0x000000c30a7fda30
Event: 2.430 Thread 0x00000206efa440e0 DEOPT UNPACKING pc=0x00000206d71343a2 sp=0x000000c30a7fd8f0 mode 2
Event: 2.439 Thread 0x00000206ebd041f0 DEOPT PACKING pc=0x00000206d0626669 sp=0x000000c3070fe450
Event: 2.439 Thread 0x00000206ebd041f0 DEOPT UNPACKING pc=0x00000206d7134b42 sp=0x000000c3070fd8f0 mode 0
Event: 2.481 Thread 0x00000206eb05f2e0 Uncommon trap: trap_request=0xffffff45 fr.pc=0x00000206d795b38c relative=0x0000000000000c6c
Event: 2.481 Thread 0x00000206eb05f2e0 Uncommon trap: reason=unstable_if action=reinterpret pc=0x00000206d795b38c method=java.util.zip.ZipFile.getZipEntry(Ljava/lang/String;I)Ljava/util/zip/ZipEntry; @ 46 c2
Event: 2.481 Thread 0x00000206eb05f2e0 DEOPT PACKING pc=0x00000206d795b38c sp=0x000000c306af8250
Event: 2.481 Thread 0x00000206eb05f2e0 DEOPT UNPACKING pc=0x00000206d71343a2 sp=0x000000c306af8218 mode 2
Event: 2.488 Thread 0x00000206eb05f2e0 Uncommon trap: trap_request=0xffffff45 fr.pc=0x00000206d7bd01fc relative=0x00000000000006bc
Event: 2.488 Thread 0x00000206eb05f2e0 Uncommon trap: reason=unstable_if action=reinterpret pc=0x00000206d7bd01fc method=sun.security.provider.DigestBase.engineUpdate([BII)V @ 1 c2
Event: 2.488 Thread 0x00000206eb05f2e0 DEOPT PACKING pc=0x00000206d7bd01fc sp=0x000000c306af8400
Event: 2.488 Thread 0x00000206eb05f2e0 DEOPT UNPACKING pc=0x00000206d71343a2 sp=0x000000c306af83d8 mode 2
Event: 2.528 Thread 0x00000206eb05f2e0 DEOPT PACKING pc=0x00000206cfdd6153 sp=0x000000c306af8570
Event: 2.528 Thread 0x00000206eb05f2e0 DEOPT UNPACKING pc=0x00000206d7134b42 sp=0x000000c306af7aa8 mode 0

Classes loaded (20 events):
Event: 2.224 Loading class sun/reflect/ReflectionFactory$1
Event: 2.224 Loading class sun/reflect/ReflectionFactory$1 done
Event: 2.364 Loading class java/util/stream/SortedOps
Event: 2.364 Loading class java/util/stream/SortedOps done
Event: 2.364 Loading class java/util/stream/SortedOps$OfRef
Event: 2.364 Loading class java/util/stream/SortedOps$OfRef done
Event: 2.365 Loading class java/util/stream/SortedOps$SizedRefSortingSink
Event: 2.365 Loading class java/util/stream/SortedOps$AbstractRefSortingSink
Event: 2.365 Loading class java/util/stream/SortedOps$AbstractRefSortingSink done
Event: 2.365 Loading class java/util/stream/SortedOps$SizedRefSortingSink done
Event: 2.390 Loading class java/lang/ThreadDeath
Event: 2.390 Loading class java/lang/ThreadDeath done
Event: 2.390 Loading class sun/misc/SharedSecrets
Event: 2.390 Loading class sun/misc/SharedSecrets done
Event: 2.480 Loading class java/util/zip/ZipFile$ZipEntryIterator
Event: 2.480 Loading class java/util/zip/ZipFile$ZipEntryIterator done
Event: 2.482 Loading class java/util/HashMap$EntrySpliterator
Event: 2.482 Loading class java/util/HashMap$EntrySpliterator done
Event: 2.482 Loading class java/util/stream/SortedOps$RefSortingSink
Event: 2.482 Loading class java/util/stream/SortedOps$RefSortingSink done

Classes unloaded (0 events):
No events

Classes redefined (0 events):
No events

Internal exceptions (20 events):
Event: 2.409 Thread 0x00000206eb05f2e0 Exception <a 'sun/nio/fs/WindowsException'{0x00000000842e5548}> (0x00000000842e5548) 
thrown [s\src\hotspot\share\prims\jni.cpp, line 537]
Event: 2.409 Thread 0x00000206eb05f2e0 Exception <a 'java/lang/ClassNotFoundException'{0x00000000842ed380}: ijInit1_44i9kj1mnjwrjlc2lln8kays7$_run_closure1Customizer> (0x00000000842ed380) 
thrown [s\src\hotspot\share\classfile\systemDictionary.cpp, line 312]
Event: 2.481 Thread 0x00000206eb05f2e0 Implicit null exception at 0x00000206d795a7eb to 0x00000206d795b354
Event: 2.534 Thread 0x00000206eb05f2e0 Exception <a 'java/lang/IncompatibleClassChangeError'{0x00000000871d3d30}: Found class java.lang.Object, but interface was expected> (0x00000000871d3d30) 
thrown [s\src\hotspot\share\interpreter\linkResolver.cpp, line 851]
Event: 2.537 Thread 0x00000206eb05f2e0 Exception <a 'sun/nio/fs/WindowsException'{0x00000000870939c0}> (0x00000000870939c0) 
thrown [s\src\hotspot\share\prims\jni.cpp, line 537]
Event: 2.537 Thread 0x00000206eb05f2e0 Exception <a 'sun/nio/fs/WindowsException'{0x0000000087095348}> (0x0000000087095348) 
thrown [s\src\hotspot\share\prims\jni.cpp, line 537]
Event: 2.538 Thread 0x00000206eb05f2e0 Exception <a 'sun/nio/fs/WindowsException'{0x0000000087096f38}> (0x0000000087096f38) 
thrown [s\src\hotspot\share\prims\jni.cpp, line 537]
Event: 2.538 Thread 0x00000206eb05f2e0 Exception <a 'sun/nio/fs/WindowsException'{0x0000000087098ab0}> (0x0000000087098ab0) 
thrown [s\src\hotspot\share\prims\jni.cpp, line 537]
Event: 2.538 Thread 0x00000206eb05f2e0 Exception <a 'sun/nio/fs/WindowsException'{0x000000008709a790}> (0x000000008709a790) 
thrown [s\src\hotspot\share\prims\jni.cpp, line 537]
Event: 2.538 Thread 0x00000206eb05f2e0 Exception <a 'sun/nio/fs/WindowsException'{0x000000008709c730}> (0x000000008709c730) 
thrown [s\src\hotspot\share\prims\jni.cpp, line 537]
Event: 2.539 Thread 0x00000206eb05f2e0 Exception <a 'sun/nio/fs/WindowsException'{0x000000008709f398}> (0x000000008709f398) 
thrown [s\src\hotspot\share\prims\jni.cpp, line 537]
Event: 2.539 Thread 0x00000206eb05f2e0 Exception <a 'sun/nio/fs/WindowsException'{0x00000000870a0ce8}> (0x00000000870a0ce8) 
thrown [s\src\hotspot\share\prims\jni.cpp, line 537]
Event: 2.539 Thread 0x00000206eb05f2e0 Exception <a 'sun/nio/fs/WindowsException'{0x00000000870a3468}> (0x00000000870a3468) 
thrown [s\src\hotspot\share\prims\jni.cpp, line 537]
Event: 2.539 Thread 0x00000206eb05f2e0 Exception <a 'sun/nio/fs/WindowsException'{0x00000000870a4dd0}> (0x00000000870a4dd0) 
thrown [s\src\hotspot\share\prims\jni.cpp, line 537]
Event: 2.540 Thread 0x00000206eb05f2e0 Exception <a 'sun/nio/fs/WindowsException'{0x00000000870d50e8}> (0x00000000870d50e8) 
thrown [s\src\hotspot\share\prims\jni.cpp, line 537]
Event: 2.540 Thread 0x00000206eb05f2e0 Exception <a 'sun/nio/fs/WindowsException'{0x00000000870d6d08}> (0x00000000870d6d08) 
thrown [s\src\hotspot\share\prims\jni.cpp, line 537]
Event: 2.540 Thread 0x00000206eb05f2e0 Exception <a 'sun/nio/fs/WindowsException'{0x00000000870d8910}> (0x00000000870d8910) 
thrown [s\src\hotspot\share\prims\jni.cpp, line 537]
Event: 2.540 Thread 0x00000206eb05f2e0 Exception <a 'sun/nio/fs/WindowsException'{0x00000000870dbe40}> (0x00000000870dbe40) 
thrown [s\src\hotspot\share\prims\jni.cpp, line 537]
Event: 2.541 Thread 0x00000206eb05f2e0 Exception <a 'sun/nio/fs/WindowsException'{0x00000000870def10}> (0x00000000870def10) 
thrown [s\src\hotspot\share\prims\jni.cpp, line 537]
Event: 2.541 Thread 0x00000206eb05f2e0 Exception <a 'sun/nio/fs/WindowsException'{0x00000000870e2798}> (0x00000000870e2798) 
thrown [s\src\hotspot\share\prims\jni.cpp, line 537]

ZGC Phase Switch (0 events):
No events

VM Operations (20 events):
Event: 2.094 Executing non-safepoint VM operation: HandshakeAllThreads (Deoptimize)
Event: 2.095 Executing non-safepoint VM operation: HandshakeAllThreads (Deoptimize) done
Event: 2.187 Executing non-safepoint VM operation: HandshakeAllThreads (Deoptimize)
Event: 2.187 Executing non-safepoint VM operation: HandshakeAllThreads (Deoptimize) done
Event: 2.219 Executing non-safepoint VM operation: HandshakeAllThreads (Deoptimize)
Event: 2.219 Executing non-safepoint VM operation: HandshakeAllThreads (Deoptimize) done
Event: 2.366 Executing safepoint VM operation: ICBufferFull
Event: 2.366 Executing safepoint VM operation: ICBufferFull done
Event: 2.417 Executing safepoint VM operation: G1CollectForAllocation (G1 Evacuation Pause)
Event: 2.419 Executing safepoint VM operation: G1CollectForAllocation (G1 Evacuation Pause) done
Event: 2.478 Executing safepoint VM operation: ICBufferFull
Event: 2.478 Executing safepoint VM operation: ICBufferFull done
Event: 2.516 Executing safepoint VM operation: G1CollectForAllocation (G1 Evacuation Pause)
Event: 2.517 Executing safepoint VM operation: G1CollectForAllocation (G1 Evacuation Pause) done
Event: 2.524 Executing safepoint VM operation: G1PauseRemark
Event: 2.526 Executing safepoint VM operation: G1PauseRemark done
Event: 2.529 Executing safepoint VM operation: G1PauseCleanup
Event: 2.529 Executing safepoint VM operation: G1PauseCleanup done
Event: 2.532 Executing non-safepoint VM operation: HandshakeAllThreads (Deoptimize)
Event: 2.532 Executing non-safepoint VM operation: HandshakeAllThreads (Deoptimize) done

Memory protections (0 events):
No events

Nmethod flushes (20 events):
Event: 2.525 Thread 0x00000206e512ea90 flushing  nmethod 0x00000206cff2ec90
Event: 2.525 Thread 0x00000206e512ea90 flushing  nmethod 0x00000206d006bb10
Event: 2.525 Thread 0x00000206e512ea90 flushing  nmethod 0x00000206d00f8e90
Event: 2.525 Thread 0x00000206e512ea90 flushing  nmethod 0x00000206d00fde10
Event: 2.525 Thread 0x00000206e512ea90 flushing  nmethod 0x00000206d04e4490
Event: 2.525 Thread 0x00000206e512ea90 flushing  nmethod 0x00000206d7a14f10
Event: 2.525 Thread 0x00000206e512ea90 flushing  nmethod 0x00000206d7a19110
Event: 2.525 Thread 0x00000206e512ea90 flushing  nmethod 0x00000206cfe13990
Event: 2.525 Thread 0x00000206e512ea90 flushing  nmethod 0x00000206cfe1c690
Event: 2.525 Thread 0x00000206e512ea90 flushing  nmethod 0x00000206cff0f690
Event: 2.525 Thread 0x00000206e512ea90 flushing  nmethod 0x00000206cffe0710
Event: 2.525 Thread 0x00000206e512ea90 flushing  nmethod 0x00000206d02e0590
Event: 2.525 Thread 0x00000206e512ea90 flushing  nmethod 0x00000206d02e0990
Event: 2.525 Thread 0x00000206e512ea90 flushing  nmethod 0x00000206d02e0d90
Event: 2.525 Thread 0x00000206e512ea90 flushing  nmethod 0x00000206d02e1190
Event: 2.525 Thread 0x00000206e512ea90 flushing  nmethod 0x00000206d03a6190
Event: 2.525 Thread 0x00000206e512ea90 flushing  nmethod 0x00000206d044de90
Event: 2.525 Thread 0x00000206e512ea90 flushing  nmethod 0x00000206d044e210
Event: 2.525 Thread 0x00000206e512ea90 flushing  nmethod 0x00000206d04cd490
Event: 2.525 Thread 0x00000206e512ea90 flushing  nmethod 0x00000206d04cde10

Events (20 events):
Event: 2.415 Thread 0x00000206eb05f2e0 Thread added: 0x00000206f014a6f0
Event: 2.417 Thread 0x00000206eb05f2e0 Thread added: 0x00000206f0143760
Event: 2.420 Thread 0x00000206eb05f2e0 Thread added: 0x00000206efa433c0
Event: 2.420 Thread 0x00000206eb05f2e0 Thread added: 0x00000206efa426a0
Event: 2.420 Thread 0x00000206eb05f2e0 Thread added: 0x00000206efa3ff40
Event: 2.421 Thread 0x00000206eb05f2e0 Thread added: 0x00000206efa405d0
Event: 2.421 Thread 0x00000206eb05f2e0 Thread added: 0x00000206efa3f220
Event: 2.421 Thread 0x00000206eb05f2e0 Thread added: 0x00000206efa3d150
Event: 2.428 Thread 0x00000206eb05f2e0 Thread added: 0x00000206efa42d30
Event: 2.428 Thread 0x00000206eb05f2e0 Thread added: 0x00000206efa3eb90
Event: 2.429 Thread 0x00000206eb05f2e0 Thread added: 0x00000206efa43a50
Event: 2.429 Thread 0x00000206eb05f2e0 Thread added: 0x00000206efa3d7e0
Event: 2.429 Thread 0x00000206eb05f2e0 Thread added: 0x00000206efa40c60
Event: 2.429 Thread 0x00000206eb05f2e0 Thread added: 0x00000206efa412f0
Event: 2.429 Thread 0x00000206eb05f2e0 Thread added: 0x00000206efa41980
Event: 2.429 Thread 0x00000206eb05f2e0 Thread added: 0x00000206efa42010
Event: 2.429 Thread 0x00000206eb05f2e0 Thread added: 0x00000206efa3f8b0
Event: 2.429 Thread 0x00000206eb05f2e0 Thread added: 0x00000206efa3cac0
Event: 2.430 Thread 0x00000206eb05f2e0 Thread added: 0x00000206efa440e0
Event: 2.430 Thread 0x00000206eb05f2e0 Thread added: 0x00000206efa3de70


Dynamic libraries:
0x00007ff7dda60000 - 0x00007ff7dda6a000 	C:\Program Files\Android\Android Studio\jbr\bin\java.exe
0x00007ff8194b0000 - 0x00007ff8196c8000 	C:\Windows\SYSTEM32\ntdll.dll
0x00007ff817550000 - 0x00007ff817614000 	C:\Windows\System32\KERNEL32.DLL
0x00007ff816980000 - 0x00007ff816d53000 	C:\Windows\System32\KERNELBASE.dll
0x00007ff816860000 - 0x00007ff816971000 	C:\Windows\System32\ucrtbase.dll
0x00007ff812be0000 - 0x00007ff812bf8000 	C:\Program Files\Android\Android Studio\jbr\bin\jli.dll
0x00007fff96de0000 - 0x00007fff96dfb000 	C:\Program Files\Android\Android Studio\jbr\bin\VCRUNTIME140.dll
0x00007ff818c20000 - 0x00007ff818dd2000 	C:\Windows\System32\USER32.dll
0x00007ff817120000 - 0x00007ff817146000 	C:\Windows\System32\win32u.dll
0x00007ffff4100000 - 0x00007ffff439c000 	C:\Windows\WinSxS\amd64_microsoft.windows.common-controls_6595b64144ccf1df_6.0.22621.6060_none_2712eda17382d24b\COMCTL32.dll
0x00007ff817ec0000 - 0x00007ff817ee9000 	C:\Windows\System32\GDI32.dll
0x00007ff816e90000 - 0x00007ff816fab000 	C:\Windows\System32\gdi32full.dll
0x00007ff819300000 - 0x00007ff8193a7000 	C:\Windows\System32\msvcrt.dll
0x00007ff8165c0000 - 0x00007ff81665a000 	C:\Windows\System32\msvcp_win.dll
0x00007ff817150000 - 0x00007ff817181000 	C:\Windows\System32\IMM32.DLL
0x00007fff96e00000 - 0x00007fff96e0c000 	C:\Program Files\Android\Android Studio\jbr\bin\vcruntime140_1.dll
0x00007ffff9670000 - 0x00007ffff96fd000 	C:\Program Files\Android\Android Studio\jbr\bin\msvcp140.dll
0x00007fff96e10000 - 0x00007fff97aa6000 	C:\Program Files\Android\Android Studio\jbr\bin\server\jvm.dll
0x00007ff8193b0000 - 0x00007ff819461000 	C:\Windows\System32\ADVAPI32.dll
0x00007ff818a30000 - 0x00007ff818ad8000 	C:\Windows\System32\sechost.dll
0x00007ff816d60000 - 0x00007ff816d88000 	C:\Windows\System32\bcrypt.dll
0x00007ff818910000 - 0x00007ff818a28000 	C:\Windows\System32\RPCRT4.dll
0x00007ff817470000 - 0x00007ff8174e1000 	C:\Windows\System32\WS2_32.dll
0x00007ff8153d0000 - 0x00007ff81541d000 	C:\Windows\SYSTEM32\POWRPROF.dll
0x00007ff80bd30000 - 0x00007ff80bd64000 	C:\Windows\SYSTEM32\WINMM.dll
0x00007ff805c30000 - 0x00007ff805c3a000 	C:\Windows\SYSTEM32\VERSION.dll
0x00007ff8153b0000 - 0x00007ff8153c3000 	C:\Windows\SYSTEM32\UMPDC.dll
0x00007ff815650000 - 0x00007ff815668000 	C:\Windows\SYSTEM32\kernel.appcore.dll
0x00007fff96dd0000 - 0x00007fff96dda000 	C:\Program Files\Android\Android Studio\jbr\bin\jimage.dll
0x00007ffffc840000 - 0x00007ffffca73000 	C:\Windows\SYSTEM32\DBGHELP.DLL
0x00007ff817ef0000 - 0x00007ff818281000 	C:\Windows\System32\combase.dll
0x00007ff818290000 - 0x00007ff818368000 	C:\Windows\System32\OLEAUT32.dll
0x00007ffffc800000 - 0x00007ffffc832000 	C:\Windows\SYSTEM32\dbgcore.DLL
0x00007ff816d90000 - 0x00007ff816e0b000 	C:\Windows\System32\bcryptPrimitives.dll
0x00007ff812b20000 - 0x00007ff812b2e000 	C:\Program Files\Android\Android Studio\jbr\bin\instrument.dll
0x00007fff96db0000 - 0x00007fff96dd0000 	C:\Program Files\Android\Android Studio\jbr\bin\java.dll
0x00007fff96d90000 - 0x00007fff96da8000 	C:\Program Files\Android\Android Studio\jbr\bin\zip.dll
0x00007ff817620000 - 0x00007ff817ebc000 	C:\Windows\System32\SHELL32.dll
0x00007ff816720000 - 0x00007ff81685f000 	C:\Windows\System32\wintypes.dll
0x00007ff814480000 - 0x00007ff814d9a000 	C:\Windows\SYSTEM32\windows.storage.dll
0x00007ff8187f0000 - 0x00007ff8188f4000 	C:\Windows\System32\SHCORE.dll
0x00007ff818e00000 - 0x00007ff818e69000 	C:\Windows\System32\shlwapi.dll
0x00007ff8164f0000 - 0x00007ff816515000 	C:\Windows\SYSTEM32\profapi.dll
0x00007fff96d80000 - 0x00007fff96d90000 	C:\Program Files\Android\Android Studio\jbr\bin\net.dll
0x00007ff810ed0000 - 0x00007ff810ffc000 	C:\Windows\SYSTEM32\WINHTTP.dll
0x00007ff815b10000 - 0x00007ff815b79000 	C:\Windows\system32\mswsock.dll
0x00007fff96d60000 - 0x00007fff96d76000 	C:\Program Files\Android\Android Studio\jbr\bin\nio.dll
0x00007fffe7f60000 - 0x00007fffe7f70000 	C:\Program Files\Android\Android Studio\jbr\bin\verify.dll
0x00007ff804e10000 - 0x00007ff804e37000 	C:\Users\pc\.gradle\native\1def1411415f61bf3af743bc5b6707747c0891f09f0c88961ee8f79bc544acac\windows-amd64\native-platform.dll
0x00007ffff95f0000 - 0x00007ffff9668000 	C:\Users\pc\.gradle\native\0.2.7\x86_64-windows-gnu\gradle-fileevents.dll
0x00007fff967a0000 - 0x00007fff967a9000 	C:\Program Files\Android\Android Studio\jbr\bin\management.dll
0x00007fff96790000 - 0x00007fff9679b000 	C:\Program Files\Android\Android Studio\jbr\bin\management_ext.dll
0x00007ff818e70000 - 0x00007ff818e78000 	C:\Windows\System32\PSAPI.DLL
0x00007ff815070000 - 0x00007ff81509d000 	C:\Windows\SYSTEM32\IPHLPAPI.DLL
0x00007ff818900000 - 0x00007ff818909000 	C:\Windows\System32\NSI.dll
0x00007fff96800000 - 0x00007fff96809000 	C:\Program Files\Android\Android Studio\jbr\bin\extnet.dll
0x00007ff815e60000 - 0x00007ff815e7b000 	C:\Windows\SYSTEM32\CRYPTSP.dll
0x00007ff8155b0000 - 0x00007ff8155e7000 	C:\Windows\system32\rsaenh.dll
0x00007ff815bb0000 - 0x00007ff815bd8000 	C:\Windows\SYSTEM32\USERENV.dll
0x00007ff815e40000 - 0x00007ff815e4c000 	C:\Windows\SYSTEM32\CRYPTBASE.dll
0x00007fff96940000 - 0x00007fff96948000 	C:\Windows\system32\wshunix.dll

JVMTI agents:
C:\Users\pc\.gradle\wrapper\dists\gradle-8.13-bin\5xuhj0ry160q40clulazy9h7d\gradle-8.13\lib\agents\gradle-instrumentation-agent-8.13.jar path:C:\Program Files\Android\Android Studio\jbr\bin\instrument.dll, loaded, initialized, instrumentlib options:none

dbghelp: loaded successfully - version: 4.0.5 - missing functions: none
symbol engine: initialized successfully - sym options: 0x614 - pdb path: .;C:\Program Files\Android\Android Studio\jbr\bin;C:\Windows\SYSTEM32;C:\Windows\WinSxS\amd64_microsoft.windows.common-controls_6595b64144ccf1df_6.0.22621.6060_none_2712eda17382d24b;C:\Program Files\Android\Android Studio\jbr\bin\server;C:\Users\pc\.gradle\native\1def1411415f61bf3af743bc5b6707747c0891f09f0c88961ee8f79bc544acac\windows-amd64;C:\Users\pc\.gradle\native\0.2.7\x86_64-windows-gnu

VM Arguments:
jvm_args: --add-opens=java.base/java.lang=ALL-UNNAMED --add-opens=java.base/java.lang.invoke=ALL-UNNAMED --add-opens=java.base/java.util=ALL-UNNAMED --add-opens=java.prefs/java.util.prefs=ALL-UNNAMED --add-exports=jdk.compiler/com.sun.tools.javac.api=ALL-UNNAMED --add-exports=jdk.compiler/com.sun.tools.javac.util=ALL-UNNAMED --add-opens=java.base/java.util=ALL-UNNAMED --add-opens=java.prefs/java.util.prefs=ALL-UNNAMED --add-opens=java.base/java.nio.charset=ALL-UNNAMED --add-opens=java.base/java.net=ALL-UNNAMED --add-opens=java.base/java.util.concurrent.atomic=ALL-UNNAMED --add-opens=java.xml/javax.xml.namespace=ALL-UNNAMED -Xmx2048m -Dfile.encoding=UTF-8 -Duser.country=GB -Duser.language=en -Duser.variant -javaagent:C:\Users\pc\.gradle\wrapper\dists\gradle-8.13-bin\5xuhj0ry160q40clulazy9h7d\gradle-8.13\lib\agents\gradle-instrumentation-agent-8.13.jar 
java_command: org.gradle.launcher.daemon.bootstrap.GradleDaemon 8.13
java_class_path (initial): C:\Users\pc\.gradle\wrapper\dists\gradle-8.13-bin\5xuhj0ry160q40clulazy9h7d\gradle-8.13\lib\gradle-daemon-main-8.13.jar
Launcher Type: SUN_STANDARD

[Global flags]
     intx CICompilerCount                          = 12                                        {product} {ergonomic}
     uint ConcGCThreads                            = 4                                         {product} {ergonomic}
     uint G1ConcRefinementThreads                  = 15                                        {product} {ergonomic}
   size_t G1HeapRegionSize                         = 1048576                                   {product} {ergonomic}
    uintx GCDrainStackTargetSize                   = 64                                        {product} {ergonomic}
   size_t InitialHeapSize                          = 266338304                                 {product} {ergonomic}
   size_t MarkStackSize                            = 4194304                                   {product} {ergonomic}
   size_t MaxHeapSize                              = 2147483648                                {product} {command line}
   size_t MaxNewSize                               = 1287651328                                {product} {ergonomic}
   size_t MinHeapDeltaBytes                        = 1048576                                   {product} {ergonomic}
   size_t MinHeapSize                              = 8388608                                   {product} {ergonomic}
    uintx NonNMethodCodeHeapSize                   = 7602480                                {pd product} {ergonomic}
    uintx NonProfiledCodeHeapSize                  = 122027880                              {pd product} {ergonomic}
    uintx ProfiledCodeHeapSize                     = 122027880                              {pd product} {ergonomic}
    uintx ReservedCodeCacheSize                    = 251658240                              {pd product} {ergonomic}
     bool SegmentedCodeCache                       = true                                      {product} {ergonomic}
   size_t SoftMaxHeapSize                          = 2147483648                             {manageable} {ergonomic}
     bool UseCompressedOops                        = true                           {product lp64_product} {ergonomic}
     bool UseG1GC                                  = true                                      {product} {ergonomic}
     bool UseLargePagesIndividualAllocation        = false                                  {pd product} {ergonomic}

Logging:
Log output configuration:
 #0: stdout all=warning uptime,level,tags foldmultilines=false
 #1: stderr all=off uptime,level,tags foldmultilines=false

Release file:
JAVA_VERSION="21.0.10" 
MODULES="java.base java.compiler java.datatransfer java.xml java.prefs java.desktop java.instrument java.logging java.management java.security.sasl java.naming java.rmi java.management.rmi java.net.http java.scripting java.security.jgss java.transaction.xa java.sql java.sql.rowset java.xml.crypto java.se java.smartcardio jdk.accessibility jdk.internal.jvmstat jdk.attach jdk.charsets jdk.internal.opt jdk.zipfs jdk.compiler jdk.crypto.ec jdk.crypto.cryptoki jdk.dynalink jdk.hotspot.agent jdk.httpserver jdk.internal.ed jdk.internal.le jdk.internal.vm.ci jdk.jartool jdk.javadoc jdk.jcmd jdk.jdeps jdk.jdwp.agent jdk.jdi jdk.jfr jdk.jlink jdk.jsobject jdk.localedata jdk.management jdk.management.agent jdk.management.jfr jdk.naming.dns jdk.naming.rmi jdk.net jdk.sctp jdk.security.auth jdk.security.jgss jdk.unsupported jdk.unsupported.desktop jdk.xml.dom" 
IMPLEMENTOR="JetBrains s.r.o." 
JAVA_RUNTIME_VERSION="21.0.10+-14961533-b1163.108" 
LIBC="default" 
OS_ARCH="x86_64" 
OS_NAME="Windows" 
SOURCE=".:git:1351622c2ff2" 

Environment Variables:
PATH=C:\Windows\system32;C:\Windows;C:\Windows\System32\Wbem;C:\Windows\System32\WindowsPowerShell\v1.0\;C:\Windows\System32\OpenSSH\;C:\Program Files\Git\cmd;C:\Users\pc\AppData\Local\Programs\Python\Launcher\;C:\Users\pc\AppData\Local\Microsoft\WindowsApps;C:\Users\pc\AppData\Local\Python\bin;C:\Users\pc\AppData\Local\Programs\Microsoft VS Code\bin
USERNAME=pc
OS=Windows_NT
PROCESSOR_IDENTIFIER=Intel64 Family 6 Model 183 Stepping 1, GenuineIntel
TMP=C:\Users\pc\AppData\Local\Temp
TEMP=C:\Users\pc\AppData\Local\Temp




Periodic native trim disabled

JNI global refs:
JNI global refs: 37, weak refs: 0

JNI global refs memory usage: 835, weak refs: 833

Process memory usage:
Resident Set Size: 354776K (2% of 16536272K total physical memory with 9117692K free physical memory)

OOME stack traces (most recent first):
Classloader memory used:
Loader org.gradle.internal.classloader.VisitableURLClassLoader                         : 28666K
Loader bootstrap                                                                       : 22912K
Loader org.gradle.initialization.MixInLegacyTypesClassLoader                           : 6581K
Loader org.gradle.internal.classloader.VisitableURLClassLoader                         : 752K
Loader jdk.internal.loader.ClassLoaders$PlatformClassLoader                            : 531K
Loader jdk.internal.loader.ClassLoaders$AppClassLoader                                 : 235K
Loader jdk.internal.reflect.DelegatingClassLoader                                      : 193K
Loader org.gradle.groovy.scripts.internal.DefaultScriptCompilationHandler$ScriptClassLoader: 74624B
Loader org.codehaus.groovy.runtime.callsite.CallSiteClassLoader                        : 18600B

Classes loaded by more than one classloader:
Class org.gradle.internal.IoActions                                                   : loaded 3 times (x 71B)
Class org.gradle.api.Action                                                           : loaded 3 times (x 70B)
Class org.gradle.api.GradleException                                                  : loaded 3 times (x 82B)
Class org.gradle.api.internal.classpath.ManifestUtil                                  : loaded 2 times (x 71B)
Class org.gradle.internal.operations.MultipleBuildOperationFailures                   : loaded 2 times (x 95B)
Class org.gradle.internal.classloader.DefaultClassLoaderFactory                       : loaded 2 times (x 82B)
Class kotlin.collections.AbstractList$Companion                                       : loaded 2 times (x 71B)
Class org.gradle.internal.classloader.ClassLoaderVisitor                              : loaded 2 times (x 76B)
Class org.gradle.api.internal.classpath.EffectiveClassPath                            : loaded 2 times (x 90B)
Class org.gradle.api.internal.DefaultClassPathProvider                                : loaded 2 times (x 76B)
Class [Lorg.gradle.api.internal.ClassPathProvider;                                    : loaded 2 times (x 69B)
Class org.gradle.api.internal.ClassPathProvider                                       : loaded 2 times (x 70B)
Class org.gradle.internal.service.UnknownServiceException                             : loaded 2 times (x 83B)
Class org.gradle.internal.classpath.TransformedClassPath                              : loaded 2 times (x 96B)
Class org.gradle.internal.classloader.InstrumentingClassLoader                        : loaded 2 times (x 70B)
Class kotlin.enums.EnumEntriesList                                                    : loaded 2 times (x 223B)
Class org.gradle.internal.service.ServiceLocator                                      : loaded 2 times (x 70B)
Class org.gradle.internal.InternalTransformer                                         : loaded 2 times (x 70B)
Class org.gradle.internal.time.DefaultTimer                                           : loaded 2 times (x 80B)
Class org.gradle.internal.classloader.ClasspathUtil$1                                 : loaded 2 times (x 76B)
Class org.gradle.api.internal.classpath.DefaultModuleRegistry$DefaultModule           : loaded 2 times (x 86B)
Class org.gradle.internal.time.DefaultCountdownTimer                                  : loaded 2 times (x 88B)
Class org.gradle.api.internal.classpath.Module                                        : loaded 2 times (x 70B)
Class org.gradle.api.internal.classpath.UnknownModuleException                        : loaded 2 times (x 82B)
Class org.gradle.api.internal.DefaultClassPathRegistry                                : loaded 2 times (x 76B)
Class org.gradle.api.internal.ClassPathRegistry                                       : loaded 2 times (x 70B)
Class org.gradle.internal.classpath.DefaultClassPath$ImmutableUniqueList              : loaded 2 times (x 199B)
Class org.gradle.internal.classpath.ClassPath                                         : loaded 2 times (x 70B)
Class org.gradle.internal.classloader.ClassLoaderHierarchy                            : loaded 2 times (x 70B)
Class kotlin.UninitializedPropertyAccessException                                     : loaded 2 times (x 82B)
Class org.gradle.internal.installation.GradleInstallation$1                           : loaded 2 times (x 75B)
Class org.gradle.api.internal.classpath.ModuleRegistry                                : loaded 2 times (x 70B)
Class org.gradle.api.internal.classpath.DefaultModuleRegistry                         : loaded 2 times (x 86B)
Class org.gradle.internal.time.MonotonicClock                                         : loaded 2 times (x 77B)
Class org.gradle.internal.service.ServiceLookupException                              : loaded 2 times (x 82B)
Class org.gradle.internal.classloader.ClassLoaderFactory                              : loaded 2 times (x 70B)
Class org.gradle.internal.service.CachingServiceLocator                               : loaded 2 times (x 82B)
Class org.gradle.internal.time.TimeSource                                             : loaded 2 times (x 70B)
Class kotlin.enums.EnumEntries                                                        : loaded 2 times (x 70B)
Class org.gradle.internal.exceptions.ResolutionProvider                               : loaded 2 times (x 70B)
Class sync_studio_tooling1_184rw0zd1htoaq7zgcwp6imm4                                  : loaded 2 times (x 179B)
Class org.gradle.internal.classloader.ClasspathUtil                                   : loaded 2 times (x 71B)
Class org.gradle.internal.time.TimeSource$1                                           : loaded 2 times (x 77B)
Class org.gradle.api.specs.Spec                                                       : loaded 2 times (x 70B)
Class org.gradle.internal.time.Clock                                                  : loaded 2 times (x 70B)
Class kotlin.collections.AbstractList                                                 : loaded 2 times (x 197B)
Class kotlin.collections.AbstractCollection                                           : loaded 2 times (x 117B)
Class org.gradle.internal.classloader.VisitableURLClassLoader$InstrumentingVisitableURLClassLoader: loaded 2 times (x 123B)
Class org.gradle.internal.classloader.VisitableURLClassLoader$Spec                    : loaded 2 times (x 74B)
Class org.gradle.internal.classpath.DefaultClassPath                                  : loaded 2 times (x 90B)
Class org.gradle.util.internal.DefaultGradleVersion                                   : loaded 2 times (x 82B)
Class org.gradle.internal.classloader.ClassLoaderSpec                                 : loaded 2 times (x 71B)
Class org.gradle.internal.classloader.VisitableURLClassLoader                         : loaded 2 times (x 117B)
Class org.gradle.internal.classloader.FilteringClassLoader                            : loaded 2 times (x 105B)
Class org.gradle.internal.Cast                                                        : loaded 2 times (x 71B)
Class org.gradle.internal.classpath.DefaultClassPath$ImmutableUniqueList$Builder      : loaded 2 times (x 75B)
Class org.gradle.api.UncheckedIOException                                             : loaded 2 times (x 82B)
Class org.gradle.internal.exceptions.NonGradleCauseExceptionsHolder                   : loaded 2 times (x 70B)
Class kotlin.NotImplementedError                                                      : loaded 2 times (x 82B)
Class kotlin.enums.EnumEntriesKt                                                      : loaded 2 times (x 71B)
Class org.gradle.internal.classloader.SystemClassLoaderSpec                           : loaded 2 times (x 71B)
Class org.gradle.internal.exceptions.MultiCauseException                              : loaded 2 times (x 70B)
Class org.gradle.internal.time.CountdownTimer                                         : loaded 2 times (x 70B)
Class kotlin.jvm.internal.Intrinsics                                                  : loaded 2 times (x 71B)
Class org.gradle.tooling.model.ProjectModel                                           : loaded 2 times (x 70B)
Class kotlin.KotlinNullPointerException                                               : loaded 2 times (x 83B)
Class org.gradle.internal.exceptions.DefaultMultiCauseException                       : loaded 2 times (x 95B)
Class org.gradle.internal.time.Time                                                   : loaded 2 times (x 71B)
Class org.gradle.api.internal.classpath.GlobalCacheRootsProvider                      : loaded 2 times (x 70B)
Class kotlin.NoWhenBranchMatchedException                                             : loaded 2 times (x 82B)
Class org.gradle.internal.time.Timer                                                  : loaded 2 times (x 70B)
Class kotlin.jvm.internal.markers.KMappedMarker                                       : loaded 2 times (x 70B)
Class org.gradle.internal.installation.CurrentGradleInstallationLocator               : loaded 2 times (x 71B)
Class org.gradle.internal.service.DefaultServiceLocator                               : loaded 2 times (x 83B)
Class org.gradle.util.GradleVersion                                                   : loaded 2 times (x 81B)
Class org.gradle.internal.installation.CurrentGradleInstallation                      : loaded 2 times (x 73B)
Class org.gradle.util.internal.GUtil                                                  : loaded 2 times (x 71B)
Class org.gradle.internal.installation.GradleInstallation                             : loaded 2 times (x 75B)

---------------  S Y S T E M  ---------------

OS:
 Windows 11 , 64 bit Build 22621 (10.0.22621.5415)
OS uptime: 0 days 0:49 hours
Hyper-V role detected

CPU: total 20 (initial active 20) (10 cores per cpu, 2 threads per core) family 6 model 183 stepping 1 microcode 0x10f, cx8, cmov, fxsr, ht, mmx, 3dnowpref, sse, sse2, sse3, ssse3, sse4.1, sse4.2, popcnt, lzcnt, tsc, tscinvbit, avx, avx2, aes, erms, clmul, bmi1, bmi2, adx, sha, fma, vzeroupper, clflush, clflushopt, clwb, hv, serialize, rdtscp, rdpid, fsrm, f16c, cet_ibt, cet_ss
Processor Information for the first 20 processors :
  Max Mhz: 3500, Current Mhz: 3500, Mhz Limit: 3500

Memory: 4k page, system-wide physical 16148M (8903M free)
TotalPageFile size 19092M (AvailPageFile size 11844M)
current process WorkingSet (physical memory assigned to process): 347M, peak: 347M
current process commit charge ("private bytes"): 398M, peak: 409M

vm_info: OpenJDK 64-Bit Server VM (21.0.10+-14961533-b1163.108) for windows-amd64 JRE (21.0.10+-14961533-b1163.108), built on 2026-03-02T19:58:50Z by "builder" with MS VC++ 16.10 / 16.11 (VS2019)

END.
